This is pdfTeX, Version 3.141592653-2.6-1.40.28 (MiKTeX 25.12) (preloaded format=pdflatex 2026.1.9)  9 JAN 2026 20:08
entering extended mode
 restricted \write18 enabled.
 %&-line parsing enabled.
**./main.tex
(main.tex
LaTeX2e <2025-11-01>
L3 programming layer <2025-12-24>

(C:\Users\Administrator\AppData\Local\Programs\MiKTeX\tex/latex/base\article.cl
s
Document Class: article 2025/01/22 v1.4n Standard LaTeX document class

(C:\Users\Administrator\AppData\Local\Programs\MiKTeX\tex/latex/base\size11.clo
File: size11.clo 2025/01/22 v1.4n Standard LaTeX file (size option)
)
\c@part=\count275
\c@section=\count276
\c@subsection=\count277
\c@subsubsection=\count278
\c@paragraph=\count279
\c@subparagraph=\count280
\c@figure=\count281
\c@table=\count282
\abovecaptionskip=\skip49
\belowcaptionskip=\skip50
\bibindent=\dimen148
)
(C:\Users\Administrator\AppData\Local\Programs\MiKTeX\tex/latex/titlesec\titles
ec.sty
Package: titlesec 2025/01/04 v2.17 Sectioning titles
\ttl@box=\box53
\beforetitleunit=\skip51
\aftertitleunit=\skip52
\ttl@plus=\dimen149
\ttl@minus=\dimen150
\ttl@toksa=\toks17
\titlewidth=\dimen151
\titlewidthlast=\dimen152
\titlewidthfirst=\dimen153
)
(C:\Users\Administrator\AppData\Local\Programs\MiKTeX\tex/latex/titlesec\titlet
oc.sty
Package: titletoc 2025/01/04 v2.17 TOC entries
\ttl@leftsep=\dimen154
)
(C:\Users\Administrator\AppData\Local\Programs\MiKTeX\tex/latex/graphics\graphi
cx.sty
Package: graphicx 2024/12/31 v1.2e Enhanced LaTeX Graphics (DPC,SPQR)

(C:\Users\Administrator\AppData\Local\Programs\MiKTeX\tex/latex/graphics\keyval
.sty
Package: keyval 2022/05/29 v1.15 key=value parser (DPC)
\KV@toks@=\toks18
)
(C:\Users\Administrator\AppData\Local\Programs\MiKTeX\tex/latex/graphics\graphi
cs.sty
Package: graphics 2024/08/06 v1.4g Standard LaTeX Graphics (DPC,SPQR)

(C:\Users\Administrator\AppData\Local\Programs\MiKTeX\tex/latex/graphics\trig.s
ty
Package: trig 2023/12/02 v1.11 sin cos tan (DPC)
)
(C:\Users\Administrator\AppData\Local\Programs\MiKTeX\tex/latex/graphics-cfg\gr
aphics.cfg
File: graphics.cfg 2016/06/04 v1.11 sample graphics configuration
)
Package graphics Info: Driver file: pdftex.def on input line 106.

(C:\Users\Administrator\AppData\Local\Programs\MiKTeX\tex/latex/graphics-def\pd
ftex.def
File: pdftex.def 2025/09/29 v1.2d Graphics/color driver for pdftex
))
\Gin@req@height=\dimen155
\Gin@req@width=\dimen156
)
(C:\Users\Administrator\AppData\Local\Programs\MiKTeX\tex/latex/setspace\setspa
ce.sty
Package: setspace 2022/12/04 v6.7b set line spacing
)
(C:\Users\Administrator\AppData\Local\Programs\MiKTeX\tex/generic/babel\babel.s
ty
Package: babel 2025/12/11 v25.17 The multilingual framework for LuaLaTeX, pdfLa
TeX and XeLaTeX
\babel@savecnt=\count283
LaTeX Encoding Info:    Redeclaring text command \ij (encoding OT1) on input li
ne 2068.
LaTeX Encoding Info:    Redeclaring text command \IJ (encoding OT1) on input li
ne 2070.
LaTeX Encoding Info:    Redeclaring text command \ij (encoding T1) on input lin
e 2072.
LaTeX Encoding Info:    Redeclaring text command \IJ (encoding T1) on input lin
e 2073.
LaTeX Encoding Info:    Ignoring declaration for text command \ij (encoding ?) 
on input line 2074.
LaTeX Encoding Info:    Ignoring declaration for text command \IJ (encoding ?) 
on input line 2076.
LaTeX Encoding Info:    Ignoring declaration for text command \SS (encoding ?) 
on input line 2101.
\U@D=\dimen157
\l@unhyphenated=\language79

(C:\Users\Administrator\AppData\Local\Programs\MiKTeX\tex/generic/babel\txtbabe
l.def)
\bbl@readstream=\read2
\bbl@dirlevel=\count284
Package babel Info: Configuration files are deprecated, as
(babel)             they can break document portability.
(babel)             Reported on input line 4196.

*************************************
* Local config file bblopts.cfg used
*

(C:\Users\Administrator\AppData\Local\Programs\MiKTeX\tex/latex/arabi\bblopts.c
fg
File: bblopts.cfg 2005/09/08 v0.1 add Arabic and Farsi to "declared" options of
 babel
)
(C:\Users\Administrator\AppData\Local\Programs\MiKTeX\tex/generic/babel/locale/
invalid\babel-ngerman.tex)
Package babel Info: Importing font and identification data for ngerman
(babel)             from babel-de.ini. Reported on input line 4320.

(C:\Users\Administrator\AppData\Local\Programs\MiKTeX\tex/latex/babel-german\ng
erman.ldf
Language: ngerman 2024/12/10 v2.15 German support for babel (post-1996 orthogra
phy)

(C:\Users\Administrator\AppData\Local\Programs\MiKTeX\tex/latex/babel-german\ng
ermanb.ldf
Language: ngermanb 2024/12/10 v2.15 German support for babel (post-1996 orthogr
aphy)
Package babel Info: Making " an active character on input line 122.
)))
(C:\Users\Administrator\AppData\Local\Programs\MiKTeX\tex/latex/microtype\micro
type.sty
Package: microtype 2025/07/09 v3.2b Micro-typographical refinements (RS)

(C:\Users\Administrator\AppData\Local\Programs\MiKTeX\tex/latex/etoolbox\etoolb
ox.sty
Package: etoolbox 2025/10/02 v2.5m e-TeX tools for LaTeX (JAW)
\etb@tempcnta=\count285
)
\MT@toks=\toks19
\MT@tempbox=\box54
\MT@count=\count286
LaTeX Info: Redefining \noprotrusionifhmode on input line 1087.
LaTeX Info: Redefining \leftprotrusion on input line 1088.
\MT@prot@toks=\toks20
LaTeX Info: Redefining \rightprotrusion on input line 1107.
LaTeX Info: Redefining \textls on input line 1449.
\MT@outer@kern=\dimen158
LaTeX Info: Redefining \microtypecontext on input line 2053.
LaTeX Info: Redefining \textmicrotypecontext on input line 2070.
\MT@listname@count=\count287

(C:\Users\Administrator\AppData\Local\Programs\MiKTeX\tex/latex/microtype\micro
type-pdftex.def
File: microtype-pdftex.def 2025/07/09 v3.2b Definitions specific to pdftex (RS)

LaTeX Info: Redefining \lsstyle on input line 944.
LaTeX Info: Redefining \lslig on input line 944.
\MT@outer@space=\skip53
)
Package microtype Info: Loading configuration file microtype.cfg.

(C:\Users\Administrator\AppData\Local\Programs\MiKTeX\tex/latex/microtype\micro
type.cfg
File: microtype.cfg 2025/07/09 v3.2b microtype main configuration file (RS)
)
LaTeX Info: Redefining \microtypesetup on input line 3065.
) (imports/format.tex
(C:\Users\Administrator\AppData\Local\Programs\MiKTeX\tex/latex/libertine\liber
tine.sty
Package: libertine 2024/04/23 (Bob Tennent) Supports Libertine and Biolinum fon
ts for all LaTeX engines.

(C:\Users\Administrator\AppData\Local\Programs\MiKTeX\tex/generic/iftex\ifxetex
.sty
Package: ifxetex 2019/10/25 v0.7 ifxetex legacy package. Use iftex instead.

(C:\Users\Administrator\AppData\Local\Programs\MiKTeX\tex/generic/iftex\iftex.s
ty
Package: iftex 2024/12/12 v1.0g TeX engine tests
))
(C:\Users\Administrator\AppData\Local\Programs\MiKTeX\tex/generic/iftex\ifluate
x.sty
Package: ifluatex 2019/10/25 v1.5 ifluatex legacy package. Use iftex instead.
)
(C:\Users\Administrator\AppData\Local\Programs\MiKTeX\tex/latex/xkeyval\xkeyval
.sty
Package: xkeyval 2022/06/16 v2.9 package option processing (HA)

(C:\Users\Administrator\AppData\Local\Programs\MiKTeX\tex/generic/xkeyval\xkeyv
al.tex
(C:\Users\Administrator\AppData\Local\Programs\MiKTeX\tex/generic/xkeyval\xkvut
ils.tex
\XKV@toks=\toks21
\XKV@tempa@toks=\toks22
)
\XKV@depth=\count288
File: xkeyval.tex 2014/12/03 v2.7a key=value parser (HA)
))
(C:\Users\Administrator\AppData\Local\Programs\MiKTeX\tex/latex/base\textcomp.s
ty
Package: textcomp 2024/04/24 v2.1b Standard LaTeX package
)
(C:\Users\Administrator\AppData\Local\Programs\MiKTeX\tex/latex/base\fontenc.st
y
Package: fontenc 2025/07/18 v2.1d Standard LaTeX package
)
(C:\Users\Administrator\AppData\Local\Programs\MiKTeX\tex/latex/fontaxes\fontax
es.sty
Package: fontaxes 2025-05-24 v2.0.1 Font selection axes (deprecated)

(C:\Users\Administrator\AppData\Local\Programs\MiKTeX\tex/latex/figureversions\
figureversions.sty
Package: figureversions 2025-04-29 v1.0.1 Figure versions
))
LaTeX Info: Redefining \oldstylenums on input line 485.

(C:\Users\Administrator\AppData\Local\Programs\MiKTeX\tex/latex/libertine\LinLi
bertine_I.tex))
(C:\Users\Administrator\AppData\Local\Programs\MiKTeX\tex/latex/fancyhdr\fancyh
dr.sty
Package: fancyhdr 2025/02/07 v5.2 Extensive control of page headers and footers

\f@nch@headwidth=\skip54
\f@nch@offset@elh=\skip55
\f@nch@offset@erh=\skip56
\f@nch@offset@olh=\skip57
\f@nch@offset@orh=\skip58
\f@nch@offset@elf=\skip59
\f@nch@offset@erf=\skip60
\f@nch@offset@olf=\skip61
\f@nch@offset@orf=\skip62
\f@nch@height=\skip63
\f@nch@footalignment=\skip64
\f@nch@widthL=\skip65
\f@nch@widthC=\skip66
\f@nch@widthR=\skip67
\@temptokenb=\toks23
)
(C:\Users\Administrator\AppData\Local\Programs\MiKTeX\tex/latex/wrapfig\wrapfig
.sty
\wrapoverhang=\dimen159
\WF@size=\dimen160
\c@WF@wrappedlines=\count289
\WF@box=\box55
\WF@everypar=\toks24
Package: wrapfig 2003/01/31  v 3.6
)
(C:\Users\Administrator\AppData\Local\Programs\MiKTeX\tex/latex/caption\caption
.sty
Package: caption 2023/08/05 v3.6o Customizing captions (AR)

(C:\Users\Administrator\AppData\Local\Programs\MiKTeX\tex/latex/caption\caption
3.sty
Package: caption3 2023/07/31 v2.4d caption3 kernel (AR)
\caption@tempdima=\dimen161
\captionmargin=\dimen162
\caption@leftmargin=\dimen163
\caption@rightmargin=\dimen164
\caption@width=\dimen165
\caption@indent=\dimen166
\caption@parindent=\dimen167
\caption@hangindent=\dimen168
Package caption Info: Standard document class detected.
)
\c@caption@flags=\count290
\c@continuedfloat=\count291
Package caption Info: wrapfig package is loaded.
)
(C:\Users\Administrator\AppData\Local\Programs\MiKTeX\tex/latex/tools\array.sty
Package: array 2025/09/25 v2.6n Tabular extension package (FMi)
\col@sep=\dimen169
\ar@mcellbox=\box56
\extrarowheight=\dimen170
\NC@list=\toks25
\extratabsurround=\skip68
\backup@length=\skip69
\ar@cellbox=\box57
)
(C:\Users\Administrator\AppData\Local\Programs\MiKTeX\tex/latex/tocloft\tocloft
.sty
Package: tocloft 2017/08/31 v2.3i parameterised ToC, etc., typesetting
Package tocloft Info: The document has section divisions on input line 51.
\cftparskip=\skip70
\cftbeforetoctitleskip=\skip71
\cftaftertoctitleskip=\skip72
\cftbeforepartskip=\skip73
\cftpartnumwidth=\skip74
\cftpartindent=\skip75
\cftbeforesecskip=\skip76
\cftsecindent=\skip77
\cftsecnumwidth=\skip78
\cftbeforesubsecskip=\skip79
\cftsubsecindent=\skip80
\cftsubsecnumwidth=\skip81
\cftbeforesubsubsecskip=\skip82
\cftsubsubsecindent=\skip83
\cftsubsubsecnumwidth=\skip84
\cftbeforeparaskip=\skip85
\cftparaindent=\skip86
\cftparanumwidth=\skip87
\cftbeforesubparaskip=\skip88
\cftsubparaindent=\skip89
\cftsubparanumwidth=\skip90
\cftbeforeloftitleskip=\skip91
\cftafterloftitleskip=\skip92
\cftbeforefigskip=\skip93
\cftfigindent=\skip94
\cftfignumwidth=\skip95
\c@lofdepth=\count292
\c@lotdepth=\count293
\cftbeforelottitleskip=\skip96
\cftafterlottitleskip=\skip97
\cftbeforetabskip=\skip98
\cfttabindent=\skip99
\cfttabnumwidth=\skip100
)
(C:\Users\Administrator\AppData\Local\Programs\MiKTeX\tex/latex/bookmark\bookma
rk.sty
Package: bookmark 2023-12-10 v1.31 PDF bookmarks (HO)

(C:\Users\Administrator\AppData\Local\Programs\MiKTeX\tex/latex/hyperref\hyperr
ef.sty
Package: hyperref 2025-07-12 v7.01o Hypertext links for LaTeX

(C:\Users\Administrator\AppData\Local\Programs\MiKTeX\tex/latex/kvsetkeys\kvset
keys.sty
Package: kvsetkeys 2022-10-05 v1.19 Key value parser (HO)
)
(C:\Users\Administrator\AppData\Local\Programs\MiKTeX\tex/generic/kvdefinekeys\
kvdefinekeys.sty
Package: kvdefinekeys 2019-12-19 v1.6 Define keys (HO)
)
(C:\Users\Administrator\AppData\Local\Programs\MiKTeX\tex/generic/pdfescape\pdf
escape.sty
Package: pdfescape 2019/12/09 v1.15 Implements pdfTeX's escape features (HO)

(C:\Users\Administrator\AppData\Local\Programs\MiKTeX\tex/generic/ltxcmds\ltxcm
ds.sty
Package: ltxcmds 2023-12-04 v1.26 LaTeX kernel commands for general use (HO)
)
(C:\Users\Administrator\AppData\Local\Programs\MiKTeX\tex/generic/pdftexcmds\pd
ftexcmds.sty
Package: pdftexcmds 2020-06-27 v0.33 Utility functions of pdfTeX for LuaTeX (HO
)

(C:\Users\Administrator\AppData\Local\Programs\MiKTeX\tex/generic/infwarerr\inf
warerr.sty
Package: infwarerr 2019/12/03 v1.5 Providing info/warning/error messages (HO)
)
Package pdftexcmds Info: \pdf@primitive is available.
Package pdftexcmds Info: \pdf@ifprimitive is available.
Package pdftexcmds Info: \pdfdraftmode found.
))
(C:\Users\Administrator\AppData\Local\Programs\MiKTeX\tex/latex/hycolor\hycolor
.sty
Package: hycolor 2020-01-27 v1.10 Color options for hyperref/bookmark (HO)
)
(C:\Users\Administrator\AppData\Local\Programs\MiKTeX\tex/latex/hyperref\namere
f.sty
Package: nameref 2025-06-21 v2.57 Cross-referencing by name of section

(C:\Users\Administrator\AppData\Local\Programs\MiKTeX\tex/latex/refcount\refcou
nt.sty
Package: refcount 2019/12/15 v3.6 Data extraction from label references (HO)
)
(C:\Users\Administrator\AppData\Local\Programs\MiKTeX\tex/generic/gettitlestrin
g\gettitlestring.sty
Package: gettitlestring 2019/12/15 v1.6 Cleanup title references (HO)

(C:\Users\Administrator\AppData\Local\Programs\MiKTeX\tex/latex/kvoptions\kvopt
ions.sty
Package: kvoptions 2022-06-15 v3.15 Key value format for package options (HO)
))
\c@section@level=\count294
)
(C:\Users\Administrator\AppData\Local\Programs\MiKTeX\tex/generic/stringenc\str
ingenc.sty
Package: stringenc 2019/11/29 v1.12 Convert strings between diff. encodings (HO
)
)
\@linkdim=\dimen171
\Hy@linkcounter=\count295
\Hy@pagecounter=\count296

(C:\Users\Administrator\AppData\Local\Programs\MiKTeX\tex/latex/hyperref\pd1enc
.def
File: pd1enc.def 2025-07-12 v7.01o Hyperref: PDFDocEncoding definition (HO)
Now handling font encoding PD1 ...
... no UTF-8 mapping file for font encoding PD1
)
(C:\Users\Administrator\AppData\Local\Programs\MiKTeX\tex/generic/intcalc\intca
lc.sty
Package: intcalc 2019/12/15 v1.3 Expandable calculations with integers (HO)
)
\Hy@SavedSpaceFactor=\count297

(C:\Users\Administrator\AppData\Local\Programs\MiKTeX\tex/latex/hyperref\puenc.
def
File: puenc.def 2025-07-12 v7.01o Hyperref: PDF Unicode definition (HO)
Now handling font encoding PU ...
... no UTF-8 mapping file for font encoding PU
)
Package hyperref Info: Hyper figures OFF on input line 4195.
Package hyperref Info: Link nesting OFF on input line 4200.
Package hyperref Info: Hyper index ON on input line 4203.
Package hyperref Info: Plain pages OFF on input line 4210.
Package hyperref Info: Backreferencing OFF on input line 4215.
Package hyperref Info: Implicit mode ON; LaTeX internals redefined.
Package hyperref Info: Bookmarks ON on input line 4462.
\c@Hy@tempcnt=\count298

(C:\Users\Administrator\AppData\Local\Programs\MiKTeX\tex/latex/url\url.sty
\Urlmuskip=\muskip17
Package: url 2013/09/16  ver 3.4  Verb mode for urls, etc.
)
LaTeX Info: Redefining \url on input line 4801.
\XeTeXLinkMargin=\dimen172

(C:\Users\Administrator\AppData\Local\Programs\MiKTeX\tex/generic/bitset\bitset
.sty
Package: bitset 2019/12/09 v1.3 Handle bit-vector datatype (HO)

(C:\Users\Administrator\AppData\Local\Programs\MiKTeX\tex/generic/bigintcalc\bi
gintcalc.sty
Package: bigintcalc 2019/12/15 v1.5 Expandable calculations on big integers (HO
)
))
\Fld@menulength=\count299
\Field@Width=\dimen173
\Fld@charsize=\dimen174
Package hyperref Info: Hyper figures OFF on input line 6078.
Package hyperref Info: Link nesting OFF on input line 6083.
Package hyperref Info: Hyper index ON on input line 6086.
Package hyperref Info: backreferencing OFF on input line 6093.
Package hyperref Info: Link coloring OFF on input line 6098.
Package hyperref Info: Link coloring with OCG OFF on input line 6103.
Package hyperref Info: PDF/A mode OFF on input line 6108.
\Hy@abspage=\count300
\c@Item=\count301
\c@Hfootnote=\count302
)
Package hyperref Info: Driver (autodetected): hpdftex.

(C:\Users\Administrator\AppData\Local\Programs\MiKTeX\tex/latex/hyperref\hpdfte
x.def
File: hpdftex.def 2025-07-12 v7.01o Hyperref driver for pdfTeX
\Fld@listcount=\count303
\c@bookmark@seq@number=\count304

(C:\Users\Administrator\AppData\Local\Programs\MiKTeX\tex/latex/rerunfilecheck\
rerunfilecheck.sty
Package: rerunfilecheck 2025-06-21 v1.11 Rerun checks for auxiliary files (HO)

(C:\Users\Administrator\AppData\Local\Programs\MiKTeX\tex/generic/uniquecounter
\uniquecounter.sty
Package: uniquecounter 2019/12/15 v1.4 Provide unlimited unique counter (HO)
)
Package uniquecounter Info: New unique counter `rerunfilecheck' on input line 2
84.
)
\Hy@SectionHShift=\skip101
)
(C:\Users\Administrator\AppData\Local\Programs\MiKTeX\tex/latex/bookmark\bkm-pd
ftex.def
File: bkm-pdftex.def 2023-12-10 v1.31 bookmark driver for pdfTeX and luaTeX (HO
)
\BKM@id=\count305
))
(C:\Users\Administrator\AppData\Local\Programs\MiKTeX\tex/latex/float\float.sty
Package: float 2001/11/08 v1.3d Float enhancements (AL)
\c@float@type=\count306
\float@exts=\toks26
\float@box=\box58
\@float@everytoks=\toks27
\@floatcapt=\box59
)
Package hyperref Info: Option `colorlinks' set `true' on input line 20.

(C:\Users\Administrator\AppData\Local\Programs\MiKTeX\tex/latex/psnfss\helvet.s
ty
Package: helvet 2020/03/25 PSNFSS-v9.3 (WaS) 
)
(C:\Users\Administrator\AppData\Local\Programs\MiKTeX\tex/latex/geometry\geomet
ry.sty
Package: geometry 2020/01/02 v5.9 Page Geometry

(C:\Users\Administrator\AppData\Local\Programs\MiKTeX\tex/generic/iftex\ifvtex.
sty
Package: ifvtex 2019/10/25 v1.7 ifvtex legacy package. Use iftex instead.
)
\Gm@cnth=\count307
\Gm@cntv=\count308
\c@Gm@tempcnt=\count309
\Gm@bindingoffset=\dimen175
\Gm@wd@mp=\dimen176
\Gm@odd@mp=\dimen177
\Gm@even@mp=\dimen178
\Gm@layoutwidth=\dimen179
\Gm@layoutheight=\dimen180
\Gm@layouthoffset=\dimen181
\Gm@layoutvoffset=\dimen182
\Gm@dimlist=\toks28

(C:\Users\Administrator\AppData\Local\Programs\MiKTeX\tex/latex/geometry\geomet
ry.cfg))
(C:\Users\Administrator\AppData\Local\Programs\MiKTeX\tex/latex/xcolor\xcolor.s
ty
Package: xcolor 2024/09/29 v3.02 LaTeX color extensions (UK)

(C:\Users\Administrator\AppData\Local\Programs\MiKTeX\tex/latex/graphics-cfg\co
lor.cfg
File: color.cfg 2016/01/02 v1.6 sample color configuration
)
Package xcolor Info: Driver file: pdftex.def on input line 274.

(C:\Users\Administrator\AppData\Local\Programs\MiKTeX\tex/latex/graphics\mathco
lor.ltx)
Package xcolor Info: Model `cmy' substituted by `cmy0' on input line 1349.
Package xcolor Info: Model `hsb' substituted by `rgb' on input line 1353.
Package xcolor Info: Model `RGB' extended on input line 1365.
Package xcolor Info: Model `HTML' substituted by `rgb' on input line 1367.
Package xcolor Info: Model `Hsb' substituted by `hsb' on input line 1368.
Package xcolor Info: Model `tHsb' substituted by `hsb' on input line 1369.
Package xcolor Info: Model `HSB' substituted by `hsb' on input line 1370.
Package xcolor Info: Model `Gray' substituted by `gray' on input line 1371.
Package xcolor Info: Model `wave' substituted by `hsb' on input line 1372.
)
(C:\Users\Administrator\AppData\Local\Programs\MiKTeX\tex/latex/biblatex\biblat
ex.sty
Package: biblatex 2025/07/10 v3.21 programmable bibliographies (PK/MW)

(C:\Users\Administrator\AppData\Local\Programs\MiKTeX\tex/latex/logreq\logreq.s
ty
Package: logreq 2010/08/04 v1.0 xml request logger
\lrq@indent=\count310

(C:\Users\Administrator\AppData\Local\Programs\MiKTeX\tex/latex/logreq\logreq.d
ef
File: logreq.def 2010/08/04 v1.0 logreq spec v1.0
))
(C:\Users\Administrator\AppData\Local\Programs\MiKTeX\tex/latex/base\ifthen.sty
Package: ifthen 2024/03/16 v1.1e Standard LaTeX ifthen package (DPC)
)
\c@tabx@nest=\count311
\c@listtotal=\count312
\c@listcount=\count313
\c@liststart=\count314
\c@liststop=\count315
\c@citecount=\count316
\c@citetotal=\count317
\c@multicitecount=\count318
\c@multicitetotal=\count319
\c@instcount=\count320
\c@maxnames=\count321
\c@minnames=\count322
\c@maxitems=\count323
\c@minitems=\count324
\c@citecounter=\count325
\c@maxcitecounter=\count326
\c@savedcitecounter=\count327
\c@uniquelist=\count328
\c@uniquename=\count329
\c@refsection=\count330
\c@refsegment=\count331
\c@maxextratitle=\count332
\c@maxextratitleyear=\count333
\c@maxextraname=\count334
\c@maxextradate=\count335
\c@maxextraalpha=\count336
\c@abbrvpenalty=\count337
\c@highnamepenalty=\count338
\c@lownamepenalty=\count339
\c@maxparens=\count340
\c@parenlevel=\count341
\blx@tempcnta=\count342
\blx@tempcntb=\count343
\blx@tempcntc=\count344
\c@blx@maxsection=\count345
\blx@maxsegment@0=\count346
\blx@notetype=\count347
\blx@parenlevel@text=\count348
\blx@parenlevel@foot=\count349
\blx@sectionciteorder@0=\count350
\blx@sectionciteorderinternal@0=\count351
\blx@entrysetcounter=\count352
\blx@biblioinstance=\count353
\labelnumberwidth=\skip102
\labelalphawidth=\skip103
\biblabelsep=\skip104
\bibitemsep=\skip105
\bibnamesep=\skip106
\bibinitsep=\skip107
\bibparsep=\skip108
\bibhang=\skip109
\blx@bcfin=\read3
\blx@bcfout=\write3
\blx@langwohyphens=\language80
\c@mincomprange=\count354
\c@maxcomprange=\count355
\c@mincompwidth=\count356
Package biblatex Info: Trying to load biblatex default data model...
Package biblatex Info: ... file 'blx-dm.def' found.

(C:\Users\Administrator\AppData\Local\Programs\MiKTeX\tex/latex/biblatex\blx-dm
.def
File: blx-dm.def 2025/07/10 v3.21 biblatex datamodel (PK/MW)
)
Package biblatex Info: Trying to load biblatex style data model...
Package biblatex Info: ... file 'ieee.dbx' not found.
Package biblatex Info: Trying to load biblatex custom data model...
Package biblatex Info: ... file 'biblatex-dm.cfg' not found.
\c@afterword=\count357
\c@savedafterword=\count358
\c@annotator=\count359
\c@savedannotator=\count360
\c@author=\count361
\c@savedauthor=\count362
\c@bookauthor=\count363
\c@savedbookauthor=\count364
\c@commentator=\count365
\c@savedcommentator=\count366
\c@editor=\count367
\c@savededitor=\count368
\c@editora=\count369
\c@savededitora=\count370
\c@editorb=\count371
\c@savededitorb=\count372
\c@editorc=\count373
\c@savededitorc=\count374
\c@foreword=\count375
\c@savedforeword=\count376
\c@holder=\count377
\c@savedholder=\count378
\c@introduction=\count379
\c@savedintroduction=\count380
\c@namea=\count381
\c@savednamea=\count382
\c@nameb=\count383
\c@savednameb=\count384
\c@namec=\count385
\c@savednamec=\count386
\c@translator=\count387
\c@savedtranslator=\count388
\c@shortauthor=\count389
\c@savedshortauthor=\count390
\c@shorteditor=\count391
\c@savedshorteditor=\count392
\c@labelname=\count393
\c@savedlabelname=\count394
\c@institution=\count395
\c@savedinstitution=\count396
\c@lista=\count397
\c@savedlista=\count398
\c@listb=\count399
\c@savedlistb=\count400
\c@listc=\count401
\c@savedlistc=\count402
\c@listd=\count403
\c@savedlistd=\count404
\c@liste=\count405
\c@savedliste=\count406
\c@listf=\count407
\c@savedlistf=\count408
\c@location=\count409
\c@savedlocation=\count410
\c@organization=\count411
\c@savedorganization=\count412
\c@origlocation=\count413
\c@savedoriglocation=\count414
\c@origpublisher=\count415
\c@savedorigpublisher=\count416
\c@publisher=\count417
\c@savedpublisher=\count418
\c@language=\count419
\c@savedlanguage=\count420
\c@origlanguage=\count421
\c@savedoriglanguage=\count422
\c@pageref=\count423
\c@savedpageref=\count424
\shorthandwidth=\skip110
\shortjournalwidth=\skip111
\shortserieswidth=\skip112
\shorttitlewidth=\skip113
\shortauthorwidth=\skip114
\shorteditorwidth=\skip115
\locallabelnumberwidth=\skip116
\locallabelalphawidth=\skip117
\localshorthandwidth=\skip118
\localshortjournalwidth=\skip119
\localshortserieswidth=\skip120
\localshorttitlewidth=\skip121
\localshortauthorwidth=\skip122
\localshorteditorwidth=\skip123
Package biblatex Info: Trying to load compatibility code...
Package biblatex Info: ... file 'blx-compat.def' found.

(C:\Users\Administrator\AppData\Local\Programs\MiKTeX\tex/latex/biblatex\blx-co
mpat.def
File: blx-compat.def 2025/07/10 v3.21 biblatex compatibility (PK/MW)
)
Package biblatex Info: Trying to load generic definitions...
Package biblatex Info: ... file 'biblatex.def' found.

(C:\Users\Administrator\AppData\Local\Programs\MiKTeX\tex/latex/biblatex\biblat
ex.def
File: biblatex.def 2025/07/10 v3.21 biblatex compatibility (PK/MW)
\c@textcitecount=\count425
\c@textcitetotal=\count426
\c@textcitemaxnames=\count427
\c@biburlbigbreakpenalty=\count428
\c@biburlbreakpenalty=\count429
\c@biburlnumpenalty=\count430
\c@biburlucpenalty=\count431
\c@biburllcpenalty=\count432
\biburlbigskip=\muskip18
\biburlnumskip=\muskip19
\biburlucskip=\muskip20
\biburllcskip=\muskip21
\c@smartand=\count433
)
Package biblatex Info: Trying to load bibliography style 'ieee'...
Package biblatex Info: ... file 'ieee.bbx' found.

(C:\Users\Administrator\AppData\Local\Programs\MiKTeX\tex/latex/biblatex-ieee\i
eee.bbx
File: ieee.bbx 2025-08-01 v1.4f biblatex bibliography style
Package biblatex Info: Trying to load bibliography style 'numeric-comp'...
Package biblatex Info: ... file 'numeric-comp.bbx' found.

(C:\Users\Administrator\AppData\Local\Programs\MiKTeX\tex/latex/biblatex/bbx\nu
meric-comp.bbx
File: numeric-comp.bbx 2025/07/10 v3.21 biblatex bibliography style (PK/MW)
Package biblatex Info: Trying to load bibliography style 'numeric'...
Package biblatex Info: ... file 'numeric.bbx' found.

(C:\Users\Administrator\AppData\Local\Programs\MiKTeX\tex/latex/biblatex/bbx\nu
meric.bbx
File: numeric.bbx 2025/07/10 v3.21 biblatex bibliography style (PK/MW)
Package biblatex Info: Trying to load bibliography style 'standard'...
Package biblatex Info: ... file 'standard.bbx' found.

(C:\Users\Administrator\AppData\Local\Programs\MiKTeX\tex/latex/biblatex/bbx\st
andard.bbx
File: standard.bbx 2025/07/10 v3.21 biblatex bibliography style (PK/MW)
\c@bbx:relatedcount=\count434
\c@bbx:relatedtotal=\count435
))))
Package biblatex Info: Trying to load citation style 'ieee'...
Package biblatex Info: ... file 'ieee.cbx' found.

(C:\Users\Administrator\AppData\Local\Programs\MiKTeX\tex/latex/biblatex-ieee\i
eee.cbx
File: ieee.cbx 2025-08-01 v1.4f biblatex citation style
Package biblatex Info: Trying to load citation style 'numeric-verb'...
Package biblatex Info: ... file 'numeric-verb.cbx' found.

(C:\Users\Administrator\AppData\Local\Programs\MiKTeX\tex/latex/biblatex/cbx\nu
meric-verb.cbx
File: numeric-verb.cbx 2025/07/10 v3.21 biblatex citation style (PK/MW)
Package biblatex Info: Redefining '\cite'.
Package biblatex Info: Redefining '\parencite'.
Package biblatex Info: Redefining '\footcite'.
Package biblatex Info: Redefining '\footcitetext'.
Package biblatex Info: Redefining '\smartcite'.
Package biblatex Info: Redefining '\textcite'.
Package biblatex Info: Redefining '\supercite'.
Package biblatex Info: Redefining '\parencites'.
Package biblatex Info: Redefining '\smartcites'.
Package biblatex Info: Redefining '\textcites'.
))
Package biblatex Info: Trying to load configuration file...
Package biblatex Info: ... file 'biblatex.cfg' found.

(C:\Users\Administrator\AppData\Local\Programs\MiKTeX\tex/latex/biblatex\biblat
ex.cfg
File: biblatex.cfg 
)
Package biblatex Info: Input encoding 'utf8' detected.
Package biblatex Info: Document encoding is UTF8 ....

(C:\Users\Administrator\AppData\Local\Programs\MiKTeX\tex/latex/l3kernel\expl3.
sty
Package: expl3 2025-12-24 L3 programming layer (loader) 

(C:\Users\Administrator\AppData\Local\Programs\MiKTeX\tex/latex/l3backend\l3bac
kend-pdftex.def
File: l3backend-pdftex.def 2025-10-09 L3 backend support: PDF output (pdfTeX)
\l__color_backend_stack_int=\count436
))
Package biblatex Info: ... and expl3
(biblatex)             2025-12-24 L3 programming layer (loader) 
(biblatex)             is new enough (at least 2020/04/06),
(biblatex)             setting 'casechanger=expl3'.

(C:\Users\Administrator\AppData\Local\Programs\MiKTeX\tex/latex/biblatex\blx-ca
se-expl3.sty
(C:\Users\Administrator\AppData\Local\Programs\MiKTeX\tex/latex/l3packages/xpar
se\xparse.sty
Package: xparse 2025-10-09 L3 Experimental document command parser
)
Package: blx-case-expl3 2025/07/10 v3.21 expl3 case changing code for biblatex
))
(C:\Users\Administrator\AppData\Local\Programs\MiKTeX\tex/latex/tools\longtable
.sty
Package: longtable 2025-10-13 v4.24 Multi-page Table package (DPC)
\LTleft=\skip124
\LTright=\skip125
\LTpre=\skip126
\LTpost=\skip127
\LTchunksize=\count437
\LTcapwidth=\dimen183
\LT@head=\box60
\LT@firsthead=\box61
\LT@foot=\box62
\LT@lastfoot=\box63
\LT@gbox=\box64
\LT@cols=\count438
\LT@rows=\count439
\c@LT@tables=\count440
\c@LT@chunks=\count441
\LT@p@ftn=\toks29
)
(C:\Users\Administrator\AppData\Local\Programs\MiKTeX\tex/latex/enumitem\enumit
em.sty
Package: enumitem 2025/02/06 v3.11 Customized lists
\labelindent=\skip128
\enit@outerparindent=\dimen184
\enit@toks=\toks30
\enit@inbox=\box65
\enit@count@id=\count442
\enitdp@description=\count443
)
(C:\Users\Administrator\AppData\Local\Programs\MiKTeX\tex/latex/colortbl\colort
bl.sty
Package: colortbl 2024/10/29 v1.0k Color table columns (DPC)
\everycr=\toks31
\minrowclearance=\skip129
\rownum=\count444
)
(C:\Users\Administrator\AppData\Local\Programs\MiKTeX\tex/latex/parskip\parskip
.sty
Package: parskip 2021-03-14 v2.0h non-zero parskip adjustments
)
(C:\Users\Administrator\AppData\Local\Programs\MiKTeX\tex/latex/pdflscape\pdfls
cape.sty
Package: pdflscape 2022-10-27 v0.13 Display of landscape pages in PDF

(C:\Users\Administrator\AppData\Local\Programs\MiKTeX\tex/latex/pdflscape\pdfls
cape-nometadata.sty
Package: pdflscape-nometadata 2022-10-28 v0.13 Display of landscape pages in PD
F (HO)

(C:\Users\Administrator\AppData\Local\Programs\MiKTeX\tex/latex/graphics\lscape
.sty
Package: lscape 2020/05/28 v3.02 Landscape Pages (DPC)
)
Package pdflscape Info: Auto-detected driver: pdftex on input line 81.
))
(C:\Users\Administrator\AppData\Local\Programs\MiKTeX\tex/latex/booktabs\bookta
bs.sty
Package: booktabs 2020/01/12 v1.61803398 Publication quality tables
\heavyrulewidth=\dimen185
\lightrulewidth=\dimen186
\cmidrulewidth=\dimen187
\belowrulesep=\dimen188
\belowbottomsep=\dimen189
\aboverulesep=\dimen190
\abovetopsep=\dimen191
\cmidrulesep=\dimen192
\cmidrulekern=\dimen193
\defaultaddspace=\dimen194
\@cmidla=\count445
\@cmidlb=\count446
\@aboverulesep=\dimen195
\@belowrulesep=\dimen196
\@thisruleclass=\count447
\@lastruleclass=\count448
\@thisrulewidth=\dimen197
)
(C:\Users\Administrator\AppData\Local\Programs\MiKTeX\tex/latex/amsfonts\amssym
b.sty
Package: amssymb 2013/01/14 v3.01 AMS font symbols

(C:\Users\Administrator\AppData\Local\Programs\MiKTeX\tex/latex/amsfonts\amsfon
ts.sty
Package: amsfonts 2013/01/14 v3.01 Basic AMSFonts support
\@emptytoks=\toks32
\symAMSa=\mathgroup4
\symAMSb=\mathgroup5
LaTeX Font Info:    Redeclaring math symbol \hbar on input line 98.
LaTeX Font Info:    Overwriting math alphabet `\mathfrak' in version `bold'
(Font)                  U/euf/m/n --> U/euf/b/n on input line 106.
))
(C:\Users\Administrator\AppData\Local\Programs\MiKTeX\tex/latex/tools\tabularx.
sty
Package: tabularx 2023/12/11 v2.12a `tabularx' package (DPC)
\TX@col@width=\dimen198
\TX@old@table=\dimen199
\TX@old@col=\dimen256
\TX@target=\dimen257
\TX@delta=\dimen258
\TX@cols=\count449
\TX@ftn=\toks33
)
(C:\Users\Administrator\AppData\Local\Programs\MiKTeX\tex/latex/acronym\acronym
.sty
Package: acronym 2025/01/17 v1.50 Support for acronyms (Tobias Oetiker)

(C:\Users\Administrator\AppData\Local\Programs\MiKTeX\tex/latex/bigfoot\suffix.
sty
Package: suffix 2006/07/15 1.5a Variant command support
)
(C:\Users\Administrator\AppData\Local\Programs\MiKTeX\tex/latex/xstring\xstring
.sty
(C:\Users\Administrator\AppData\Local\Programs\MiKTeX\tex/generic/xstring\xstri
ng.tex
\xs_counta=\count450
\xs_countb=\count451
)
Package: xstring 2023/08/22 v1.86 String manipulations (CT)
)
\AC@clearlist=\toks34
))
(C:\Users\Administrator\AppData\Local\Programs\MiKTeX\tex/latex/caption\subcapt
ion.sty
Package: subcaption 2023/07/28 v1.6b Sub-captions (AR)
Package caption Info: New subtype `subfigure' on input line 238.
\c@subfigure=\count452
Package caption Info: New subtype `subtable' on input line 238.
\c@subtable=\count453
) (imports/SSSsection.tex
\c@subsubsubsection=\count454
)

Package biblatex Warning: 'babel/polyglossia' detected but 'csquotes' missing.
(biblatex)                Loading 'csquotes' recommended.

\@quotelevel=\count455
\@quotereset=\count456
LaTeX Font Info:    Trying to load font information for OT1+phv on input line 1
2.

(C:\Users\Administrator\AppData\Local\Programs\MiKTeX\tex/latex/psnfss\ot1phv.f
d
File: ot1phv.fd 2020/03/25 scalable font definitions for OT1/phv.
) (main.aux
Package babel Info: 'ngerman' activates 'ngerman' shorthands.
(babel)             Reported on input line 11.
 (docs/use of AI tools.aux) (docs/eigenständigkeitserkärung.aux)
(docs/00abstract.aux) (docs/01introduction.aux) (docs/02research_objectives.aux
) (docs/03methodology.aux) (docs/04requirements.aux) (docs/05research.aux)
(docs/06implementation.aux) (docs/07results.aux) (docs/08discussion.aux))
\openout1 = `main.aux'.

LaTeX Font Info:    Checking defaults for OML/cmm/m/it on input line 12.
LaTeX Font Info:    ... okay on input line 12.
LaTeX Font Info:    Checking defaults for OMS/cmsy/m/n on input line 12.
LaTeX Font Info:    ... okay on input line 12.
LaTeX Font Info:    Checking defaults for OT1/cmr/m/n on input line 12.
LaTeX Font Info:    ... okay on input line 12.
LaTeX Font Info:    Checking defaults for T1/cmr/m/n on input line 12.
LaTeX Font Info:    ... okay on input line 12.
LaTeX Font Info:    Checking defaults for TS1/cmr/m/n on input line 12.
LaTeX Font Info:    ... okay on input line 12.
LaTeX Font Info:    Checking defaults for OMX/cmex/m/n on input line 12.
LaTeX Font Info:    ... okay on input line 12.
LaTeX Font Info:    Checking defaults for U/cmr/m/n on input line 12.
LaTeX Font Info:    ... okay on input line 12.
LaTeX Font Info:    Checking defaults for PD1/pdf/m/n on input line 12.
LaTeX Font Info:    ... okay on input line 12.
LaTeX Font Info:    Checking defaults for PU/pdf/m/n on input line 12.
LaTeX Font Info:    ... okay on input line 12.

(C:\Users\Administrator\AppData\Local\Programs\MiKTeX\tex/context/base/mkii\sup
p-pdf.mkii
[Loading MPS to PDF converter (version 2006.09.02).]
\scratchcounter=\count457
\scratchdimen=\dimen259
\scratchbox=\box66
\nofMPsegments=\count458
\nofMParguments=\count459
\everyMPshowfont=\toks35
\MPscratchCnt=\count460
\MPscratchDim=\dimen260
\MPnumerator=\count461
\makeMPintoPDFobject=\count462
\everyMPtoPDFconversion=\toks36
)
(C:\Users\Administrator\AppData\Local\Programs\MiKTeX\tex/latex/epstopdf-pkg\ep
stopdf-base.sty
Package: epstopdf-base 2020-01-24 v2.11 Base part for package epstopdf

(C:\Users\Administrator\AppData\Local\Programs\MiKTeX\tex/latex/grfext\grfext.s
ty
Package: grfext 2019/12/03 v1.3 Manage graphics extensions (HO)
)
Package epstopdf-base Info: Redefining graphics rule for `.eps' on input line 4
85.
Package grfext Info: Graphics extension search list:
(grfext)             [.pdf,.png,.jpg,.mps,.jpeg,.jbig2,.jb2,.PDF,.PNG,.JPG,.JPE
G,.JBIG2,.JB2,.eps]
(grfext)             \AppendGraphicsExtensions on input line 504.

(C:\Users\Administrator\AppData\Local\Programs\MiKTeX\tex/latex/00miktex\epstop
df-sys.cfg
File: epstopdf-sys.cfg 2021/03/18 v2.0 Configuration of epstopdf for MiKTeX
))
LaTeX Info: Redefining \microtypecontext on input line 12.
Package microtype Info: Applying patch `item' on input line 12.
Package microtype Info: Applying patch `toc' on input line 12.
Package microtype Info: Applying patch `eqnum' on input line 12.
Package microtype Info: Applying patch `footnote' on input line 12.
Package microtype Info: Applying patch `verbatim' on input line 12.
LaTeX Info: Redefining \microtypesetup on input line 12.
Package microtype Info: Generating PDF output.
Package microtype Info: Character protrusion enabled (level 2).
Package microtype Info: Using default protrusion set `alltext'.
Package microtype Info: Automatic font expansion enabled (level 2),
(microtype)             stretch: 20, shrink: 20, step: 1, non-selected.
Package microtype Info: Using default expansion set `alltext-nott'.
Package microtype Info: Patching command `\showhyphens'.
Package microtype Info: No adjustment of tracking.
Package microtype Info: No adjustment of interword spacing.
Package microtype Info: No adjustment of character kerning.
Package microtype Info: Loading generic protrusion settings for font family
(microtype)             `phv' (encoding: OT1).
(microtype)             For optimal results, create family-specific settings.
(microtype)             See the microtype manual for details.
\c@mv@tabular=\count463
\c@mv@boldtabular=\count464
Package caption Info: Begin \AtBeginDocument code.
Package caption Info: float package is loaded.
Package caption Info: hyperref package is loaded.
Package caption Info: longtable package is loaded.

(C:\Users\Administrator\AppData\Local\Programs\MiKTeX\tex/latex/caption\ltcapti
on.sty
Package: ltcaption 2021/01/08 v1.4c longtable captions (AR)
)
Package caption Info: End \AtBeginDocument code.
Package hyperref Info: Link coloring ON on input line 12.

*geometry* driver: auto-detecting
*geometry* detected driver: pdftex
*geometry* verbose mode - [ preamble ] result:
* driver: pdftex
* paper: a4paper
* layout: <same size as paper>
* layoutoffset:(h,v)=(0.0pt,0.0pt)
* modes: 
* h-part:(L,W,R)=(72.26999pt, 452.9679pt, 72.26999pt)
* v-part:(T,H,B)=(72.26999pt, 700.50687pt, 72.26999pt)
* \paperwidth=597.50787pt
* \paperheight=845.04684pt
* \textwidth=452.9679pt
* \textheight=700.50687pt
* \oddsidemargin=0.0pt
* \evensidemargin=0.0pt
* \topmargin=-37.0pt
* \headheight=12.0pt
* \headsep=25.0pt
* \topskip=11.0pt
* \footskip=30.0pt
* \marginparwidth=50.0pt
* \marginparsep=10.0pt
* \columnsep=10.0pt
* \skip\footins=10.0pt plus 4.0pt minus 2.0pt
* \hoffset=0.0pt
* \voffset=0.0pt
* \mag=1000
* \@twocolumnfalse
* \@twosidefalse
* \@mparswitchfalse
* \@reversemarginfalse
* (1in=72.27pt=25.4mm, 1cm=28.453pt)

Package biblatex Info: Trying to load language 'ngerman'...
Package biblatex Info: ... file 'ngerman.lbx' found.

(C:\Users\Administrator\AppData\Local\Programs\MiKTeX\tex/latex/biblatex/lbx\ng
erman.lbx
File: ngerman.lbx 2025/07/10 v3.21 biblatex localization (PK/MW)
Package biblatex Info: Trying to load language 'german'...
Package biblatex Info: ... file 'german.lbx' found.

(C:\Users\Administrator\AppData\Local\Programs\MiKTeX\tex/latex/biblatex/lbx\ge
rman.lbx
File: german.lbx 2025/07/10 v3.21 biblatex localization (PK/MW)
)
Package biblatex Info: Trying to load language 'german'...
Package biblatex Info: ... file 'german.lbx' found.

(C:\Users\Administrator\AppData\Local\Programs\MiKTeX\tex/latex/biblatex/lbx\ge
rman.lbx
File: german.lbx 2025/07/10 v3.21 biblatex localization (PK/MW)
))
Package biblatex Info: Input encoding 'utf8' detected.
Package biblatex Info: Automatic encoding selection.
(biblatex)             Assuming data encoding 'utf8'.
\openout3 = `main.bcf'.

Package biblatex Info: Trying to load bibliographic data...
Package biblatex Info: ... file 'main.bbl' found.
 (main.bbl)
Package biblatex Info: Reference section=0 on input line 12.
Package biblatex Info: Reference segment=0 on input line 12.
<images/HochschuleEsslingen_Logo_.jpg, id=3, 351.3125pt x 202.7575pt>
File: images/HochschuleEsslingen_Logo_.jpg Graphic file (type jpg)
<use images/HochschuleEsslingen_Logo_.jpg>
Package pdftex.def Info: images/HochschuleEsslingen_Logo_.jpg  used on input li
ne 27.
(pdftex.def)             Requested size: 203.83417pt x 117.64583pt.

(C:\Users\Administrator\AppData\Local\Programs\MiKTeX\tex/latex/microtype\mt-cm
r.cfg
File: mt-cmr.cfg 2013/05/19 v2.2 microtype config. file: Computer Modern Roman 
(RS)
)
LaTeX Font Info:    Trying to load font information for U+msa on input line 28.


(C:\Users\Administrator\AppData\Local\Programs\MiKTeX\tex/latex/amsfonts\umsa.f
d
File: umsa.fd 2013/01/14 v3.01 AMS symbols A
)
(C:\Users\Administrator\AppData\Local\Programs\MiKTeX\tex/latex/microtype\mt-ms
a.cfg
File: mt-msa.cfg 2006/02/04 v1.1 microtype config. file: AMS symbols (a) (RS)
)
LaTeX Font Info:    Trying to load font information for U+msb on input line 28.


(C:\Users\Administrator\AppData\Local\Programs\MiKTeX\tex/latex/amsfonts\umsb.f
d
File: umsb.fd 2013/01/14 v3.01 AMS symbols B
)
(C:\Users\Administrator\AppData\Local\Programs\MiKTeX\tex/latex/microtype\mt-ms
b.cfg
File: mt-msb.cfg 2005/06/01 v1.0 microtype config. file: AMS symbols (b) (RS)
)
<images/fraunhofer_iao_logo.png, id=4, 135.3858pt x 52.5162pt>
File: images/fraunhofer_iao_logo.png Graphic file (type png)
<use images/fraunhofer_iao_logo.png>
Package pdftex.def Info: images/fraunhofer_iao_logo.png  used on input line 31.

(pdftex.def)             Requested size: 203.83417pt x 79.07298pt.
 [1

{C:/Users/Administrator/AppData/Local/MiKTeX/fonts/map/pdftex/pdftex.map}{C:/Us
ers/Administrator/AppData/Local/Programs/MiKTeX/fonts/enc/dvips/base/8r.enc} <.
/images/HochschuleEsslingen_Logo_.jpg> <./images/fraunhofer_iao_logo.png>]
\openout2 = `"docs/use of AI tools.aux"'.

 (docs/use of AI tools.tex
LaTeX Font Info:    Font shape `OT1/phv/m/it' in size <10.95> not available
(Font)              Font shape `OT1/phv/m/sl' tried instead on input line 4.
) [1


]
\openout2 = `docs/eigenständigkeitserkärung.aux'.

 (docs/eigenständigkeitserkärung.tex
<images/signature_achim.jpg, id=19, 301.125pt x 222.07968pt>
File: images/signature_achim.jpg Graphic file (type jpg)
<use images/signature_achim.jpg>
Package pdftex.def Info: images/signature_achim.jpg  used on input line 14.
(pdftex.def)             Requested size: 85.35826pt x 62.95111pt.
<images/signature_erik.png, id=20, 179.16937pt x 59.47218pt>
File: images/signature_erik.png Graphic file (type png)
<use images/signature_erik.png>
Package pdftex.def Info: images/signature_erik.png  used on input line 19.
(pdftex.def)             Requested size: 142.26378pt x 47.2248pt.
)
[2



 <./images/signature_achim.jpg> <./images/signature_erik.png>]
\openout2 = `docs/00abstract.aux'.


(docs/00abstract.tex) [3



] (main.toc [4


])
\tf@toc=\write4
\openout4 = `main.toc'.

 [5] (main.lof)
\tf@lof=\write5
\openout5 = `main.lof'.

 [6

] (docs/acronyms.tex) [7

]
\openout2 = `docs/01introduction.aux'.

 (docs/01introduction.tex
Package acronym Info: Label `acro:AC' newly defined as it shall be overridden
although it is yet undefined on input line 4.
Package acronym Info: Label `acro:V2G' newly defined as it shall be overridden
although it is yet undefined on input line 10.

pdfTeX warning (ext4): destination with the same identifier (name{page.1}) has 
been already used, duplicate ignored
<to be read again> 
                   \relax 
l.22 
      [1



]) [2]
\openout2 = `docs/02research_objectives.aux'.

 (docs/02research_objectives.tex
LaTeX Font Info:    Trying to load font information for TS1+phv on input line 1
8.

(C:\Users\Administrator\AppData\Local\Programs\MiKTeX\tex/latex/psnfss\ts1phv.f
d
File: ts1phv.fd 2020/03/25 scalable font definitions for TS1/phv.
)
Package microtype Info: Loading generic protrusion settings for font family
(microtype)             `phv' (encoding: TS1).
(microtype)             For optimal results, create family-specific settings.
(microtype)             See the microtype manual for details.
Package acronym Info: Label `acro:OSM' newly defined as it shall be overridden
although it is yet undefined on input line 22.

Overfull \hbox (12.79999pt too wide) in alignment at lines 12--95
 [] 
 []

ignored error: Infinite glue shrinkage found in box being split [3



] [4])
[5]
\openout2 = `docs/03methodology.aux'.

 (docs/03methodology.tex
LaTeX Font Info:    Trying to load font information for OT1+LinuxLibertineMonoT
-TLF on input line 18.

(C:\Users\Administrator\AppData\Local\Programs\MiKTeX\tex/latex/libertine\ot1li
nuxlibertinemonot-tlf.fd
File: OT1LinuxLibertineMonoT-TLF.fd 2019/05/20 (autoinst) Font definitions for 
OT1/LinuxLibertineMonoT-TLF.
)
LaTeX Font Info:    Font shape `OT1/LinuxLibertineMonoT-TLF/m/n' in size <10.95
> not available
(Font)              Font shape `OT1/LinuxLibertineMonoT-TLF/regular/n' tried in
stead on input line 18.
LaTeX Font Info:    Font shape `OT1/LinuxLibertineMonoT-TLF/regular/n' will be
(Font)              scaled to size 10.95pt on input line 18.
Package microtype Info: Loading generic protrusion settings for font family
(microtype)             `LinuxLibertineMonoT-TLF' (encoding: OT1).
(microtype)             For optimal results, create family-specific settings.
(microtype)             See the microtype manual for details.
Package microtype Info: Character `~ (= ~)' is missing
(microtype)             in font `OT1/LinuxLibertineMonoT-TLF/regular/n/10.95'.
(microtype)             Ignoring protrusion settings for this character.
) [6



{C:/Users/Administrator/AppData/Local/Programs/MiKTeX/fonts/enc/dvips/libertine
/lbtn_3dk467.enc}]
\openout2 = `docs/04requirements.aux'.

 (docs/04requirements.tex
Overfull \hbox (38.04976pt too wide) in alignment at lines 12--94
 [] [] [] [] 
 []

ignored error: Infinite glue shrinkage found in box being split [7



]
ignored error: Infinite glue shrinkage found in box being split [8]) [9]
\openout2 = `docs/05research.aux'.


(docs/05research.tex
LaTeX Info: Symbol \textrightarrow not provided by
            font family phv in TS1 encoding.
            Default family used instead on input line 23.
LaTeX Info: Symbol \textrightarrow not provided by
            font family phv in TS1 encoding.
            Default family used instead on input line 23.
LaTeX Info: Symbol \textrightarrow not provided by
            font family phv in TS1 encoding.
            Default family used instead on input line 23.
 [10



]

Package hyperref Warning: bookmark level for unknown subsubsubsection defaults 
to 0.

[11]
Underfull \hbox (badness 10000) in paragraph at lines 50--51

 []


Underfull \hbox (badness 10000) in paragraph at lines 58--59

 []

[12]
Underfull \hbox (badness 10000) in paragraph at lines 69--70

 []


Underfull \hbox (badness 10000) in paragraph at lines 76--77

 []


Underfull \hbox (badness 10000) in paragraph at lines 79--80

 []

[13]
Underfull \hbox (badness 10000) in paragraph at lines 92--93

 []

[14]
<images/Bild_MATSim_SUMO_cut.png, id=308, 677.53125pt x 262.73157pt>
File: images/Bild_MATSim_SUMO_cut.png Graphic file (type png)
<use images/Bild_MATSim_SUMO_cut.png>
Package pdftex.def Info: images/Bild_MATSim_SUMO_cut.png  used on input line 10
0.
(pdftex.def)             Requested size: 452.9679pt x 175.65639pt.
 [15

 <./images/Bild_MATSim_SUMO_cut.png>]
<images/Bild_BEAM_SUMO.png, id=316, 834.86906pt x 432.11438pt>
File: images/Bild_BEAM_SUMO.png Graphic file (type png)
<use images/Bild_BEAM_SUMO.png>
Package pdftex.def Info: images/Bild_BEAM_SUMO.png  used on input line 119.
(pdftex.def)             Requested size: 452.9679pt x 234.45259pt.
 [16 <./images/Bild_BEAM_SUMO.png>]
LaTeX Font Info:    Font shape `OT1/LinuxLibertineMonoT-TLF/m/n' in size <10> n
ot available
(Font)              Font shape `OT1/LinuxLibertineMonoT-TLF/regular/n' tried in
stead on input line 192.
LaTeX Font Info:    Font shape `OT1/LinuxLibertineMonoT-TLF/regular/n' will be
(Font)              scaled to size 10.0pt on input line 192.
Package microtype Info: Character `~ (= ~)' is missing
(microtype)             in font `OT1/LinuxLibertineMonoT-TLF/regular/n/10'.
(microtype)             Ignoring protrusion settings for this character.
 [17

] [18

] [19

]
<images/heatmapRoads.png, id=347, 268.75406pt x 259.7203pt>
File: images/heatmapRoads.png Graphic file (type png)
<use images/heatmapRoads.png>
Package pdftex.def Info: images/heatmapRoads.png  used on input line 253.
(pdftex.def)             Requested size: 163.06871pt x 157.58899pt.
<images/heatmapResidents.png, id=348, 316.93407pt x 287.57437pt>
File: images/heatmapResidents.png Graphic file (type png)
<use images/heatmapResidents.png>
Package pdftex.def Info: images/heatmapResidents.png  used on input line 259.
(pdftex.def)             Requested size: 163.06871pt x 147.96423pt.
 [20 <./images/heatmapRoads.png> <./images/heatmapResidents.png>] [21]) [22]
\openout2 = `docs/06implementation.aux'.

 (docs/06implementation.tex
<images/Bild_MATSim_SUMO.png, id=373, 721.94719pt x 234.1247pt>
File: images/Bild_MATSim_SUMO.png Graphic file (type png)
<use images/Bild_MATSim_SUMO.png>
Package pdftex.def Info: images/Bild_MATSim_SUMO.png  used on input line 22.
(pdftex.def)             Requested size: 452.9679pt x 146.89558pt.
 [23



]
<images/flowchart.png, id=379, 755.07094pt x 286.82156pt>
File: images/flowchart.png Graphic file (type png)
<use images/flowchart.png>
Package pdftex.def Info: images/flowchart.png  used on input line 45.
(pdftex.def)             Requested size: 452.9679pt x 172.06361pt.
 [24 <./images/Bild_MATSim_SUMO.png>] [25 <./images/flowchart.png>]
<images/architectureUML.png, id=390, 1268.74pt x 744.7825pt>
File: images/architectureUML.png Graphic file (type png)
<use images/architectureUML.png>
Package pdftex.def Info: images/architectureUML.png  used on input line 73.
(pdftex.def)             Requested size: 452.9679pt x 265.90543pt.
 [26 <./images/architectureUML.png (PNG copy)>]
<images/mainTrips_Erik.png, id=396, 332.24126pt x 1064.97874pt>
File: images/mainTrips_Erik.png Graphic file (type png)
<use images/mainTrips_Erik.png>
Package pdftex.def Info: images/mainTrips_Erik.png  used on input line 95.
(pdftex.def)             Requested size: 144.95303pt x 464.6433pt.
 [27 <./images/mainTrips_Erik.png (PNG copy)>]
<images/mainChargingStations_Erik.png, id=401, 446.66875pt x 891.33pt>
File: images/mainChargingStations_Erik.png Graphic file (type png)
<use images/mainChargingStations_Erik.png>
Package pdftex.def Info: images/mainChargingStations_Erik.png  used on input li
ne 116.
(pdftex.def)             Requested size: 185.71849pt x 370.6023pt.
 [28

 <./images/mainChargingStations_Erik.png (PNG copy)>]
<images/mainSim_Erik.png, id=407, 409.53pt x 925.4575pt>
File: images/mainSim_Erik.png Graphic file (type png)
<use images/mainSim_Erik.png>
Package pdftex.def Info: images/mainSim_Erik.png  used on input line 129.
(pdftex.def)             Requested size: 194.77287pt x 440.16174pt.
 [29

 <./images/mainSim_Erik.png (PNG copy)>]) [30]
\openout2 = `docs/07results.aux'.


(docs/07results.tex
<images/result_showcase.png, id=420, 1567.35562pt x 542.025pt>
File: images/result_showcase.png Graphic file (type png)
<use images/result_showcase.png>
Package pdftex.def Info: images/result_showcase.png  used on input line 8.
(pdftex.def)             Requested size: 452.9679pt x 156.64563pt.
 [31



 <./images/result_showcase.png>]
Overfull \hbox (43.00157pt too wide) in alignment at lines 33--39
 [] [] [] [] []
 []


Overfull \hbox (43.00157pt too wide) in alignment at lines 39--45
 [] [] [] [] []
 []


Overfull \hbox (43.00157pt too wide) in alignment at lines 45--50
 [] [] [] [] []
 []


Overfull \hbox (43.00157pt too wide) in alignment at lines 50--53
 [] [] [] [] []
 []


Overfull \hbox (4.61143pt too wide) in paragraph at lines 67--68
[]|\OT1/LinuxLibertineMonoT-TLF/regular/n/10.95 network.xml|  
 []


Overfull \hbox (43.00157pt too wide) in alignment at lines 53--132
 [] [] [] [] []
 []

ignored error: Infinite glue shrinkage found in box being split [32]) [33]
\openout2 = `docs/08discussion.aux'.


(docs/08discussion.tex [34



] [35]) [36]
Underfull \hbox (badness 2564) in paragraph at lines 79--79
[]\OT1/phv/m/n/10.95 (+20) B.[]B. f. W. u. Kli-ma-schutz, \OT1/phv/m/sl/10.95 (
+20) Rah-men-be-din-gun-gen und An-rei-ze f[]ur Elek-tro-fahr-
 []


Underfull \hbox (badness 1107) in paragraph at lines 79--79
\OT1/phv/m/sl/10.95 (+20) zeu-ge und Ladein-fra-struk-tur\OT1/phv/m/n/10.95 (+2
0) , de. be-sucht am 17. Ju-li 2025. Adres-se: [][]$\OT1/LinuxLibertineMonoT-TL
F/regular/n/10.95 https :
 []


Underfull \hbox (badness 3954) in paragraph at lines 79--79
\OT1/LinuxLibertineMonoT-TLF/regular/n/10.95 / / www . bundeswirtschaftsministe
rium . de / Redaktion / DE /
 []


Underfull \hbox (badness 1960) in paragraph at lines 79--79
\OT1/LinuxLibertineMonoT-TLF/regular/n/10.95 Artikel / Industrie / rahmenbeding
ungen -[] und -[] anreize -[] fuer -[]
 []

LaTeX Font Info:    Font shape `TS1/phv/m/it' in size <10.95> not available
(Font)              Font shape `TS1/phv/m/sl' tried instead on input line 79.
Missing character: There is no _ in font LinLibertineMT-tlf-ot1!
[37


] [38] (main.aux (docs/use of AI tools.aux)
(docs/eigenständigkeitserkärung.aux) (docs/00abstract.aux)
(docs/01introduction.aux) (docs/02research_objectives.aux)
(docs/03methodology.aux) (docs/04requirements.aux) (docs/05research.aux)
(docs/06implementation.aux) (docs/07results.aux) (docs/08discussion.aux))
 ***********
LaTeX2e <2025-11-01>
L3 programming layer <2025-12-24>
 ***********
Package logreq Info: Writing requests to 'main.run.xml'.
\openout1 = `main.run.xml'.

 ) 
Here is how much of TeX's memory you used:
 27291 strings out of 467871
 494116 string characters out of 5414505
 1421781 words of memory out of 5000000
 55288 multiletter control sequences out of 15000+600000
 664168 words of font info for 252 fonts, out of 8000000 for 9000
 1143 hyphenation exceptions out of 8191
 94i,13n,120p,1195b,2532s stack positions out of 10000i,1000n,20000p,200000b,200000s
 <C:\Users\Administrator\AppData\Local\MiKTeX\fonts/pk/ljfour/jknappen/ec/dpi
600\tcrm1095.pk><C:/Users/Administrator/AppData/Local/Programs/MiKTeX/fonts/typ
e1/public/libertine/LinLibertineMT.pfb><C:/Users/Administrator/AppData/Local/Pr
ograms/MiKTeX/fonts/type1/public/amsfonts/cm/cmmi10.pfb><C:/Users/Administrator
/AppData/Local/Programs/MiKTeX/fonts/type1/public/amsfonts/cm/cmr8.pfb><C:/User
s/Administrator/AppData/Local/Programs/MiKTeX/fonts/type1/public/amsfonts/cm/cm
sy10.pfb><C:/Users/Administrator/AppData/Local/Programs/MiKTeX/fonts/type1/publ
ic/amsfonts/symbols/msam10.pfb><C:/Users/Administrator/AppData/Local/Programs/M
iKTeX/fonts/type1/urw/helvetic/uhvb8a.pfb><C:/Users/Administrator/AppData/Local
/Programs/MiKTeX/fonts/type1/urw/helvetic/uhvr8a.pfb><C:/Users/Administrator/Ap
pData/Local/Programs/MiKTeX/fonts/type1/urw/helvetic/uhvro8a.pfb>
Output written on main.pdf (46 pages, 1738786 bytes).
PDF statistics:
 749 PDF objects out of 1000 (max. 8388607)
 163 named destinations out of 1000 (max. 500000)
 54316 words of extra memory for PDF output out of 61914 (max. 10000000)

