This is pdfTeX, Version 3.141592653-2.6-1.40.28 (MiKTeX 25.12) (preloaded format=pdflatex 2026.4.18)  31 AUG 2026 11:10
entering extended mode
 restricted \write18 enabled.
 %&-line parsing enabled.
**./journal_en.tex
(journal_en.tex
LaTeX2e <2025-11-01>
L3 programming layer <2025-12-24>

(C:\Users\Administrator\AppData\Local\Programs\MiKTeX\tex/latex/base\article.cl
s
Document Class: article 2025/01/22 v1.4n Standard LaTeX document class

(C:\Users\Administrator\AppData\Local\Programs\MiKTeX\tex/latex/base\size12.clo
File: size12.clo 2025/01/22 v1.4n Standard LaTeX file (size option)
)
\c@part=\count275
\c@section=\count276
\c@subsection=\count277
\c@subsubsection=\count278
\c@paragraph=\count279
\c@subparagraph=\count280
\c@figure=\count281
\c@table=\count282
\abovecaptionskip=\skip49
\belowcaptionskip=\skip50
\bibindent=\dimen148
)
(C:\Users\Administrator\AppData\Local\Programs\MiKTeX\tex/latex/base\fontenc.st
y
Package: fontenc 2025/07/18 v2.1d Standard LaTeX package
)
(C:\Users\Administrator\AppData\Local\Programs\MiKTeX\tex/latex/base\inputenc.s
ty
Package: inputenc 2024/02/08 v1.3d Input encoding file
\inpenc@prehook=\toks17
\inpenc@posthook=\toks18
)
(C:\Users\Administrator\AppData\Local\Programs\MiKTeX\tex/generic/babel\babel.s
ty
Package: babel 2025/12/11 v25.17 The multilingual framework for LuaLaTeX, pdfLa
TeX and XeLaTeX
\babel@savecnt=\count283
LaTeX Encoding Info:    Redeclaring text command \ij (encoding OT1) on input li
ne 2068.
LaTeX Encoding Info:    Redeclaring text command \IJ (encoding OT1) on input li
ne 2070.
LaTeX Encoding Info:    Redeclaring text command \ij (encoding T1) on input lin
e 2072.
LaTeX Encoding Info:    Redeclaring text command \IJ (encoding T1) on input lin
e 2073.
LaTeX Encoding Info:    Ignoring declaration for text command \ij (encoding ?) 
on input line 2074.
LaTeX Encoding Info:    Ignoring declaration for text command \IJ (encoding ?) 
on input line 2076.
LaTeX Encoding Info:    Ignoring declaration for text command \SS (encoding ?) 
on input line 2101.
\U@D=\dimen149
\l@unhyphenated=\language79

(C:\Users\Administrator\AppData\Local\Programs\MiKTeX\tex/generic/babel\txtbabe
l.def)
\bbl@readstream=\read2
\bbl@dirlevel=\count284
Package babel Info: Configuration files are deprecated, as
(babel)             they can break document portability.
(babel)             Reported on input line 4196.

*************************************
* Local config file bblopts.cfg used
*

(C:\Users\Administrator\AppData\Local\Programs\MiKTeX\tex/latex/arabi\bblopts.c
fg
File: bblopts.cfg 2005/09/08 v0.1 add Arabic and Farsi to "declared" options of
 babel
)
(C:\Users\Administrator\AppData\Local\Programs\MiKTeX\tex/generic/babel/locale/
en\babel-english.tex)
Package babel Info: Importing font and identification data for english
(babel)             from babel-en.ini. Reported on input line 4320.

(C:\Users\Administrator\AppData\Local\Programs\MiKTeX\tex/latex/babel-english\e
nglish.ldf
Language: english 2017/06/06 v3.3r English support from the babel system
Package babel Info: Hyphen rules for 'canadian' set to \l@english
(babel)             (\language0). Reported on input line 102.
Package babel Info: Hyphen rules for 'australian' set to \l@ukenglish
(babel)             (\language73). Reported on input line 105.
Package babel Info: Hyphen rules for 'newzealand' set to \l@ukenglish
(babel)             (\language73). Reported on input line 108.
))
(C:\Users\Administrator\AppData\Local\Programs\MiKTeX\tex/latex/lm\lmodern.sty
Package: lmodern 2015/05/01 v1.6.1 Latin Modern Fonts
LaTeX Font Info:    Overwriting symbol font `operators' in version `normal'
(Font)                  OT1/cmr/m/n --> OT1/lmr/m/n on input line 22.
LaTeX Font Info:    Overwriting symbol font `letters' in version `normal'
(Font)                  OML/cmm/m/it --> OML/lmm/m/it on input line 23.
LaTeX Font Info:    Overwriting symbol font `symbols' in version `normal'
(Font)                  OMS/cmsy/m/n --> OMS/lmsy/m/n on input line 24.
LaTeX Font Info:    Overwriting symbol font `largesymbols' in version `normal'
(Font)                  OMX/cmex/m/n --> OMX/lmex/m/n on input line 25.
LaTeX Font Info:    Overwriting symbol font `operators' in version `bold'
(Font)                  OT1/cmr/bx/n --> OT1/lmr/bx/n on input line 26.
LaTeX Font Info:    Overwriting symbol font `letters' in version `bold'
(Font)                  OML/cmm/b/it --> OML/lmm/b/it on input line 27.
LaTeX Font Info:    Overwriting symbol font `symbols' in version `bold'
(Font)                  OMS/cmsy/b/n --> OMS/lmsy/b/n on input line 28.
LaTeX Font Info:    Overwriting symbol font `largesymbols' in version `bold'
(Font)                  OMX/cmex/m/n --> OMX/lmex/m/n on input line 29.
LaTeX Font Info:    Overwriting math alphabet `\mathbf' in version `normal'
(Font)                  OT1/cmr/bx/n --> OT1/lmr/bx/n on input line 31.
LaTeX Font Info:    Overwriting math alphabet `\mathsf' in version `normal'
(Font)                  OT1/cmss/m/n --> OT1/lmss/m/n on input line 32.
LaTeX Font Info:    Overwriting math alphabet `\mathit' in version `normal'
(Font)                  OT1/cmr/m/it --> OT1/lmr/m/it on input line 33.
LaTeX Font Info:    Overwriting math alphabet `\mathtt' in version `normal'
(Font)                  OT1/cmtt/m/n --> OT1/lmtt/m/n on input line 34.
LaTeX Font Info:    Overwriting math alphabet `\mathbf' in version `bold'
(Font)                  OT1/cmr/bx/n --> OT1/lmr/bx/n on input line 35.
LaTeX Font Info:    Overwriting math alphabet `\mathsf' in version `bold'
(Font)                  OT1/cmss/bx/n --> OT1/lmss/bx/n on input line 36.
LaTeX Font Info:    Overwriting math alphabet `\mathit' in version `bold'
(Font)                  OT1/cmr/bx/it --> OT1/lmr/bx/it on input line 37.
LaTeX Font Info:    Overwriting math alphabet `\mathtt' in version `bold'
(Font)                  OT1/cmtt/m/n --> OT1/lmtt/m/n on input line 38.
)
(C:\Users\Administrator\AppData\Local\Programs\MiKTeX\tex/latex/microtype\micro
type.sty
Package: microtype 2025/07/09 v3.2b Micro-typographical refinements (RS)

(C:\Users\Administrator\AppData\Local\Programs\MiKTeX\tex/latex/graphics\keyval
.sty
Package: keyval 2022/05/29 v1.15 key=value parser (DPC)
\KV@toks@=\toks19
)
(C:\Users\Administrator\AppData\Local\Programs\MiKTeX\tex/latex/etoolbox\etoolb
ox.sty
Package: etoolbox 2025/10/02 v2.5m e-TeX tools for LaTeX (JAW)
\etb@tempcnta=\count285
)
\MT@toks=\toks20
\MT@tempbox=\box53
\MT@count=\count286
LaTeX Info: Redefining \noprotrusionifhmode on input line 1087.
LaTeX Info: Redefining \leftprotrusion on input line 1088.
\MT@prot@toks=\toks21
LaTeX Info: Redefining \rightprotrusion on input line 1107.
LaTeX Info: Redefining \textls on input line 1449.
\MT@outer@kern=\dimen150
LaTeX Info: Redefining \microtypecontext on input line 2053.
LaTeX Info: Redefining \textmicrotypecontext on input line 2070.
\MT@listname@count=\count287

(C:\Users\Administrator\AppData\Local\Programs\MiKTeX\tex/latex/microtype\micro
type-pdftex.def
File: microtype-pdftex.def 2025/07/09 v3.2b Definitions specific to pdftex (RS)

LaTeX Info: Redefining \lsstyle on input line 944.
LaTeX Info: Redefining \lslig on input line 944.
\MT@outer@space=\skip51
)
Package microtype Info: Loading configuration file microtype.cfg.

(C:\Users\Administrator\AppData\Local\Programs\MiKTeX\tex/latex/microtype\micro
type.cfg
File: microtype.cfg 2025/07/09 v3.2b microtype main configuration file (RS)
)
LaTeX Info: Redefining \microtypesetup on input line 3065.
)
(C:\Users\Administrator\AppData\Local\Programs\MiKTeX\tex/latex/amsmath\amsmath
.sty
Package: amsmath 2025/07/09 v2.17z AMS math features
\@mathmargin=\skip52

For additional information on amsmath, use the `?' option.

(C:\Users\Administrator\AppData\Local\Programs\MiKTeX\tex/latex/amsmath\amstext
.sty
Package: amstext 2024/11/17 v2.01 AMS text

(C:\Users\Administrator\AppData\Local\Programs\MiKTeX\tex/latex/amsmath\amsgen.
sty
File: amsgen.sty 1999/11/30 v2.0 generic functions
\@emptytoks=\toks22
\ex@=\dimen151
))
(C:\Users\Administrator\AppData\Local\Programs\MiKTeX\tex/latex/amsmath\amsbsy.
sty
Package: amsbsy 1999/11/29 v1.2d Bold Symbols
\pmbraise@=\dimen152
)
(C:\Users\Administrator\AppData\Local\Programs\MiKTeX\tex/latex/amsmath\amsopn.
sty
Package: amsopn 2022/04/08 v2.04 operator names
)
\inf@bad=\count288
LaTeX Info: Redefining \frac on input line 233.
\uproot@=\count289
\leftroot@=\count290
LaTeX Info: Redefining \overline on input line 398.
LaTeX Info: Redefining \colon on input line 409.
\classnum@=\count291
\DOTSCASE@=\count292
LaTeX Info: Redefining \ldots on input line 495.
LaTeX Info: Redefining \dots on input line 498.
LaTeX Info: Redefining \cdots on input line 619.
\Mathstrutbox@=\box54
\strutbox@=\box55
LaTeX Info: Redefining \big on input line 721.
LaTeX Info: Redefining \Big on input line 722.
LaTeX Info: Redefining \bigg on input line 723.
LaTeX Info: Redefining \Bigg on input line 724.
\big@size=\dimen153
LaTeX Font Info:    Redeclaring font encoding OML on input line 742.
LaTeX Font Info:    Redeclaring font encoding OMS on input line 743.
\macc@depth=\count293
LaTeX Info: Redefining \bmod on input line 904.
LaTeX Info: Redefining \pmod on input line 909.
LaTeX Info: Redefining \smash on input line 939.
LaTeX Info: Redefining \relbar on input line 969.
LaTeX Info: Redefining \Relbar on input line 970.
\c@MaxMatrixCols=\count294
\dotsspace@=\muskip17
\c@parentequation=\count295
\dspbrk@lvl=\count296
\tag@help=\toks23
\row@=\count297
\column@=\count298
\maxfields@=\count299
\andhelp@=\toks24
\eqnshift@=\dimen154
\alignsep@=\dimen155
\tagshift@=\dimen156
\tagwidth@=\dimen157
\totwidth@=\dimen158
\lineht@=\dimen159
\@envbody=\toks25
\multlinegap=\skip53
\multlinetaggap=\skip54
\mathdisplay@stack=\toks26
LaTeX Info: Redefining \[ on input line 2950.
LaTeX Info: Redefining \] on input line 2951.
)
(C:\Users\Administrator\AppData\Local\Programs\MiKTeX\tex/latex/amsfonts\amssym
b.sty
Package: amssymb 2013/01/14 v3.01 AMS font symbols

(C:\Users\Administrator\AppData\Local\Programs\MiKTeX\tex/latex/amsfonts\amsfon
ts.sty
Package: amsfonts 2013/01/14 v3.01 Basic AMSFonts support
\symAMSa=\mathgroup4
\symAMSb=\mathgroup5
LaTeX Font Info:    Redeclaring math symbol \hbar on input line 98.
LaTeX Font Info:    Overwriting math alphabet `\mathfrak' in version `bold'
(Font)                  U/euf/m/n --> U/euf/b/n on input line 106.
))
(C:\Users\Administrator\AppData\Local\Programs\MiKTeX\tex/latex/graphics\graphi
cx.sty
Package: graphicx 2024/12/31 v1.2e Enhanced LaTeX Graphics (DPC,SPQR)

(C:\Users\Administrator\AppData\Local\Programs\MiKTeX\tex/latex/graphics\graphi
cs.sty
Package: graphics 2024/08/06 v1.4g Standard LaTeX Graphics (DPC,SPQR)

(C:\Users\Administrator\AppData\Local\Programs\MiKTeX\tex/latex/graphics\trig.s
ty
Package: trig 2023/12/02 v1.11 sin cos tan (DPC)
)
(C:\Users\Administrator\AppData\Local\Programs\MiKTeX\tex/latex/graphics-cfg\gr
aphics.cfg
File: graphics.cfg 2016/06/04 v1.11 sample graphics configuration
)
Package graphics Info: Driver file: pdftex.def on input line 106.

(C:\Users\Administrator\AppData\Local\Programs\MiKTeX\tex/latex/graphics-def\pd
ftex.def
File: pdftex.def 2025/09/29 v1.2d Graphics/color driver for pdftex
))
\Gin@req@height=\dimen160
\Gin@req@width=\dimen161
)
(C:\Users\Administrator\AppData\Local\Programs\MiKTeX\tex/latex/booktabs\bookta
bs.sty
Package: booktabs 2020/01/12 v1.61803398 Publication quality tables
\heavyrulewidth=\dimen162
\lightrulewidth=\dimen163
\cmidrulewidth=\dimen164
\belowrulesep=\dimen165
\belowbottomsep=\dimen166
\aboverulesep=\dimen167
\abovetopsep=\dimen168
\cmidrulesep=\dimen169
\cmidrulekern=\dimen170
\defaultaddspace=\dimen171
\@cmidla=\count300
\@cmidlb=\count301
\@aboverulesep=\dimen172
\@belowrulesep=\dimen173
\@thisruleclass=\count302
\@lastruleclass=\count303
\@thisrulewidth=\dimen174
)
(C:\Users\Administrator\AppData\Local\Programs\MiKTeX\tex/latex/hyperref\hyperr
ef.sty
Package: hyperref 2025-07-12 v7.01o Hypertext links for LaTeX

(C:\Users\Administrator\AppData\Local\Programs\MiKTeX\tex/generic/iftex\iftex.s
ty
Package: iftex 2024/12/12 v1.0g TeX engine tests
)
(C:\Users\Administrator\AppData\Local\Programs\MiKTeX\tex/latex/kvsetkeys\kvset
keys.sty
Package: kvsetkeys 2022-10-05 v1.19 Key value parser (HO)
)
(C:\Users\Administrator\AppData\Local\Programs\MiKTeX\tex/generic/kvdefinekeys\
kvdefinekeys.sty
Package: kvdefinekeys 2019-12-19 v1.6 Define keys (HO)
)
(C:\Users\Administrator\AppData\Local\Programs\MiKTeX\tex/generic/pdfescape\pdf
escape.sty
Package: pdfescape 2019/12/09 v1.15 Implements pdfTeX's escape features (HO)

(C:\Users\Administrator\AppData\Local\Programs\MiKTeX\tex/generic/ltxcmds\ltxcm
ds.sty
Package: ltxcmds 2023-12-04 v1.26 LaTeX kernel commands for general use (HO)
)
(C:\Users\Administrator\AppData\Local\Programs\MiKTeX\tex/generic/pdftexcmds\pd
ftexcmds.sty
Package: pdftexcmds 2020-06-27 v0.33 Utility functions of pdfTeX for LuaTeX (HO
)

(C:\Users\Administrator\AppData\Local\Programs\MiKTeX\tex/generic/infwarerr\inf
warerr.sty
Package: infwarerr 2019/12/03 v1.5 Providing info/warning/error messages (HO)
)
Package pdftexcmds Info: \pdf@primitive is available.
Package pdftexcmds Info: \pdf@ifprimitive is available.
Package pdftexcmds Info: \pdfdraftmode found.
))
(C:\Users\Administrator\AppData\Local\Programs\MiKTeX\tex/latex/hycolor\hycolor
.sty
Package: hycolor 2020-01-27 v1.10 Color options for hyperref/bookmark (HO)
)
(C:\Users\Administrator\AppData\Local\Programs\MiKTeX\tex/latex/hyperref\namere
f.sty
Package: nameref 2025-06-21 v2.57 Cross-referencing by name of section

(C:\Users\Administrator\AppData\Local\Programs\MiKTeX\tex/latex/refcount\refcou
nt.sty
Package: refcount 2019/12/15 v3.6 Data extraction from label references (HO)
)
(C:\Users\Administrator\AppData\Local\Programs\MiKTeX\tex/generic/gettitlestrin
g\gettitlestring.sty
Package: gettitlestring 2019/12/15 v1.6 Cleanup title references (HO)

(C:\Users\Administrator\AppData\Local\Programs\MiKTeX\tex/latex/kvoptions\kvopt
ions.sty
Package: kvoptions 2022-06-15 v3.15 Key value format for package options (HO)
))
\c@section@level=\count304
)
(C:\Users\Administrator\AppData\Local\Programs\MiKTeX\tex/generic/stringenc\str
ingenc.sty
Package: stringenc 2019/11/29 v1.12 Convert strings between diff. encodings (HO
)
)
\@linkdim=\dimen175
\Hy@linkcounter=\count305
\Hy@pagecounter=\count306

(C:\Users\Administrator\AppData\Local\Programs\MiKTeX\tex/latex/hyperref\pd1enc
.def
File: pd1enc.def 2025-07-12 v7.01o Hyperref: PDFDocEncoding definition (HO)
Now handling font encoding PD1 ...
... no UTF-8 mapping file for font encoding PD1
)
(C:\Users\Administrator\AppData\Local\Programs\MiKTeX\tex/generic/intcalc\intca
lc.sty
Package: intcalc 2019/12/15 v1.3 Expandable calculations with integers (HO)
)
\Hy@SavedSpaceFactor=\count307

(C:\Users\Administrator\AppData\Local\Programs\MiKTeX\tex/latex/hyperref\puenc.
def
File: puenc.def 2025-07-12 v7.01o Hyperref: PDF Unicode definition (HO)
Now handling font encoding PU ...
... no UTF-8 mapping file for font encoding PU
)
Package hyperref Info: Hyper figures OFF on input line 4195.
Package hyperref Info: Link nesting OFF on input line 4200.
Package hyperref Info: Hyper index ON on input line 4203.
Package hyperref Info: Plain pages OFF on input line 4210.
Package hyperref Info: Backreferencing OFF on input line 4215.
Package hyperref Info: Implicit mode ON; LaTeX internals redefined.
Package hyperref Info: Bookmarks ON on input line 4462.
\c@Hy@tempcnt=\count308

(C:\Users\Administrator\AppData\Local\Programs\MiKTeX\tex/latex/url\url.sty
\Urlmuskip=\muskip18
Package: url 2013/09/16  ver 3.4  Verb mode for urls, etc.
)
LaTeX Info: Redefining \url on input line 4801.
\XeTeXLinkMargin=\dimen176

(C:\Users\Administrator\AppData\Local\Programs\MiKTeX\tex/generic/bitset\bitset
.sty
Package: bitset 2019/12/09 v1.3 Handle bit-vector datatype (HO)

(C:\Users\Administrator\AppData\Local\Programs\MiKTeX\tex/generic/bigintcalc\bi
gintcalc.sty
Package: bigintcalc 2019/12/15 v1.5 Expandable calculations on big integers (HO
)
))
\Fld@menulength=\count309
\Field@Width=\dimen177
\Fld@charsize=\dimen178
Package hyperref Info: Hyper figures OFF on input line 6078.
Package hyperref Info: Link nesting OFF on input line 6083.
Package hyperref Info: Hyper index ON on input line 6086.
Package hyperref Info: backreferencing OFF on input line 6093.
Package hyperref Info: Link coloring OFF on input line 6098.
Package hyperref Info: Link coloring with OCG OFF on input line 6103.
Package hyperref Info: PDF/A mode OFF on input line 6108.
\Hy@abspage=\count310
\c@Item=\count311
\c@Hfootnote=\count312
)
Package hyperref Info: Driver (autodetected): hpdftex.

(C:\Users\Administrator\AppData\Local\Programs\MiKTeX\tex/latex/hyperref\hpdfte
x.def
File: hpdftex.def 2025-07-12 v7.01o Hyperref driver for pdfTeX
\Fld@listcount=\count313
\c@bookmark@seq@number=\count314

(C:\Users\Administrator\AppData\Local\Programs\MiKTeX\tex/latex/rerunfilecheck\
rerunfilecheck.sty
Package: rerunfilecheck 2025-06-21 v1.11 Rerun checks for auxiliary files (HO)

(C:\Users\Administrator\AppData\Local\Programs\MiKTeX\tex/generic/uniquecounter
\uniquecounter.sty
Package: uniquecounter 2019/12/15 v1.4 Provide unlimited unique counter (HO)
)
Package uniquecounter Info: New unique counter `rerunfilecheck' on input line 2
84.
)
\Hy@SectionHShift=\skip55
)
(C:\Users\Administrator\AppData\Local\Programs\MiKTeX\tex/latex/acronym\acronym
.sty
Package: acronym 2025/01/17 v1.50 Support for acronyms (Tobias Oetiker)

(C:\Users\Administrator\AppData\Local\Programs\MiKTeX\tex/latex/bigfoot\suffix.
sty
Package: suffix 2006/07/15 1.5a Variant command support
)
(C:\Users\Administrator\AppData\Local\Programs\MiKTeX\tex/latex/xstring\xstring
.sty
(C:\Users\Administrator\AppData\Local\Programs\MiKTeX\tex/generic/xstring\xstri
ng.tex
\xs_counta=\count315
\xs_countb=\count316
)
Package: xstring 2023/08/22 v1.86 String manipulations (CT)
)
\AC@clearlist=\toks27
)
(C:\Users\Administrator\AppData\Local\Programs\MiKTeX\tex/latex/cleveref\clever
ef.sty
Package: cleveref 2018/03/27 v0.21.4 Intelligent cross-referencing
Package cleveref Info: `hyperref' support loaded on input line 2370.
LaTeX Info: Redefining \cref on input line 2370.
LaTeX Info: Redefining \Cref on input line 2370.
LaTeX Info: Redefining \crefrange on input line 2370.
LaTeX Info: Redefining \Crefrange on input line 2370.
LaTeX Info: Redefining \cpageref on input line 2370.
LaTeX Info: Redefining \Cpageref on input line 2370.
LaTeX Info: Redefining \cpagerefrange on input line 2370.
LaTeX Info: Redefining \Cpagerefrange on input line 2370.
LaTeX Info: Redefining \labelcref on input line 2370.
LaTeX Info: Redefining \labelcpageref on input line 2370.
)
==> First Aid for cleveref.sty applied!

(C:\Users\Administrator\AppData\Local\Programs\MiKTeX\tex/latex/geometry\geomet
ry.sty
Package: geometry 2020/01/02 v5.9 Page Geometry

(C:\Users\Administrator\AppData\Local\Programs\MiKTeX\tex/generic/iftex\ifvtex.
sty
Package: ifvtex 2019/10/25 v1.7 ifvtex legacy package. Use iftex instead.
)
\Gm@cnth=\count317
\Gm@cntv=\count318
\c@Gm@tempcnt=\count319
\Gm@bindingoffset=\dimen179
\Gm@wd@mp=\dimen180
\Gm@odd@mp=\dimen181
\Gm@even@mp=\dimen182
\Gm@layoutwidth=\dimen183
\Gm@layoutheight=\dimen184
\Gm@layouthoffset=\dimen185
\Gm@layoutvoffset=\dimen186
\Gm@dimlist=\toks28

(C:\Users\Administrator\AppData\Local\Programs\MiKTeX\tex/latex/geometry\geomet
ry.cfg))
(C:\Users\Administrator\AppData\Local\Programs\MiKTeX\tex/latex/abstract\abstra
ct.sty
Package: abstract 2009/06/08 v1.2a configurable abstracts
\abstitleskip=\skip56
\absleftindent=\skip57
\absrightindent=\skip58
\absparindent=\skip59
\absparsep=\skip60
)
(C:\Users\Administrator\AppData\Local\Programs\MiKTeX\tex/latex/titlesec\titles
ec.sty
Package: titlesec 2025/01/04 v2.17 Sectioning titles
\ttl@box=\box56
\beforetitleunit=\skip61
\aftertitleunit=\skip62
\ttl@plus=\dimen187
\ttl@minus=\dimen188
\ttl@toksa=\toks29
\titlewidth=\dimen189
\titlewidthlast=\dimen190
\titlewidthfirst=\dimen191
)
(C:\Users\Administrator\AppData\Local\Programs\MiKTeX\tex/latex/fancyhdr\fancyh
dr.sty
Package: fancyhdr 2025/02/07 v5.2 Extensive control of page headers and footers

\f@nch@headwidth=\skip63
\f@nch@offset@elh=\skip64
\f@nch@offset@erh=\skip65
\f@nch@offset@olh=\skip66
\f@nch@offset@orh=\skip67
\f@nch@offset@elf=\skip68
\f@nch@offset@erf=\skip69
\f@nch@offset@olf=\skip70
\f@nch@offset@orf=\skip71
\f@nch@height=\skip72
\f@nch@footalignment=\skip73
\f@nch@widthL=\skip74
\f@nch@widthC=\skip75
\f@nch@widthR=\skip76
\@temptokenb=\toks30
)
(C:\Users\Administrator\AppData\Local\Programs\MiKTeX\tex/latex/caption\caption
.sty
Package: caption 2023/08/05 v3.6o Customizing captions (AR)

(C:\Users\Administrator\AppData\Local\Programs\MiKTeX\tex/latex/caption\caption
3.sty
Package: caption3 2023/07/31 v2.4d caption3 kernel (AR)
\caption@tempdima=\dimen192
\captionmargin=\dimen193
\caption@leftmargin=\dimen194
\caption@rightmargin=\dimen195
\caption@width=\dimen196
\caption@indent=\dimen197
\caption@parindent=\dimen198
\caption@hangindent=\dimen199
Package caption Info: Standard document class detected.
)
\c@caption@flags=\count320
\c@continuedfloat=\count321
Package caption Info: hyperref package is loaded.
)
(C:\Users\Administrator\AppData\Local\Programs\MiKTeX\tex/latex/float\float.sty
Package: float 2001/11/08 v1.3d Float enhancements (AL)
\c@float@type=\count322
\float@exts=\toks31
\float@box=\box57
\@float@everytoks=\toks32
\@floatcapt=\box58
) (C:\Users\Administrator\AppData\Local\Programs\MiKTeX\tex/latex/cite\cite.sty
LaTeX Info: Redefining \cite on input line 302.
LaTeX Info: Redefining \nocite on input line 332.
Package: cite 2015/02/27  v 5.5
)
(C:\Users\Administrator\AppData\Local\Programs\MiKTeX\tex/latex/graphics\color.
sty
Package: color 2025/01/14 v1.3e Standard LaTeX Color (DPC)

(C:\Users\Administrator\AppData\Local\Programs\MiKTeX\tex/latex/graphics-cfg\co
lor.cfg
File: color.cfg 2016/01/02 v1.6 sample color configuration
)
Package color Info: Driver file: pdftex.def on input line 149.

(C:\Users\Administrator\AppData\Local\Programs\MiKTeX\tex/latex/graphics\mathco
lor.ltx))
(C:\Users\Administrator\AppData\Local\Programs\MiKTeX\tex/latex/xcolor\xcolor.s
ty
Package: xcolor 2024/09/29 v3.02 LaTeX color extensions (UK)

(C:\Users\Administrator\AppData\Local\Programs\MiKTeX\tex/latex/graphics-cfg\co
lor.cfg
File: color.cfg 2016/01/02 v1.6 sample color configuration
)
Package xcolor Info: Driver file: pdftex.def on input line 274.
LaTeX Info: Redefining \color on input line 762.

(C:\Users\Administrator\AppData\Local\Programs\MiKTeX\tex/latex/graphics\mathco
lor.ltx)
Package xcolor Info: Model `cmy' substituted by `cmy0' on input line 1349.
Package xcolor Info: Model `hsb' substituted by `rgb' on input line 1353.
Package xcolor Info: Model `RGB' extended on input line 1365.
Package xcolor Info: Model `HTML' substituted by `rgb' on input line 1367.
Package xcolor Info: Model `Hsb' substituted by `hsb' on input line 1368.
Package xcolor Info: Model `tHsb' substituted by `hsb' on input line 1369.
Package xcolor Info: Model `HSB' substituted by `hsb' on input line 1370.
Package xcolor Info: Model `Gray' substituted by `gray' on input line 1371.
Package xcolor Info: Model `wave' substituted by `hsb' on input line 1372.
)
Package hyperref Info: Option `colorlinks' set `true' on input line 51.
LaTeX Font Info:    Trying to load font information for T1+lmr on input line 85
.

(C:\Users\Administrator\AppData\Local\Programs\MiKTeX\tex/latex/lm\t1lmr.fd
File: t1lmr.fd 2015/05/01 v1.6.1 Font defs for Latin Modern
)
(C:\Users\Administrator\AppData\Local\Programs\MiKTeX\tex/latex/l3backend\l3bac
kend-pdftex.def
File: l3backend-pdftex.def 2025-10-09 L3 backend support: PDF output (pdfTeX)
\l__color_backend_stack_int=\count323
) (journal_en.aux

LaTeX Warning: Label `acro:POI@cref' multiply defined.

)
\openout1 = `journal_en.aux'.

LaTeX Font Info:    Checking defaults for OML/cmm/m/it on input line 85.
LaTeX Font Info:    ... okay on input line 85.
LaTeX Font Info:    Checking defaults for OMS/cmsy/m/n on input line 85.
LaTeX Font Info:    ... okay on input line 85.
LaTeX Font Info:    Checking defaults for OT1/cmr/m/n on input line 85.
LaTeX Font Info:    ... okay on input line 85.
LaTeX Font Info:    Checking defaults for T1/cmr/m/n on input line 85.
LaTeX Font Info:    ... okay on input line 85.
LaTeX Font Info:    Checking defaults for TS1/cmr/m/n on input line 85.
LaTeX Font Info:    ... okay on input line 85.
LaTeX Font Info:    Checking defaults for OMX/cmex/m/n on input line 85.
LaTeX Font Info:    ... okay on input line 85.
LaTeX Font Info:    Checking defaults for U/cmr/m/n on input line 85.
LaTeX Font Info:    ... okay on input line 85.
LaTeX Font Info:    Checking defaults for PD1/pdf/m/n on input line 85.
LaTeX Font Info:    ... okay on input line 85.
LaTeX Font Info:    Checking defaults for PU/pdf/m/n on input line 85.
LaTeX Font Info:    ... okay on input line 85.
LaTeX Info: Redefining \microtypecontext on input line 85.
Package microtype Info: Applying patch `item' on input line 85.
Package microtype Info: Applying patch `toc' on input line 85.
Package microtype Info: Applying patch `eqnum' on input line 85.
Package microtype Info: Applying patch `footnote' on input line 85.
Package microtype Info: Applying patch `verbatim' on input line 85.
LaTeX Info: Redefining \microtypesetup on input line 85.
Package microtype Info: Generating PDF output.
Package microtype Info: Character protrusion enabled (level 2).
Package microtype Info: Using default protrusion set `alltext'.
Package microtype Info: Automatic font expansion enabled (level 2),
(microtype)             stretch: 20, shrink: 20, step: 1, non-selected.
Package microtype Info: Using default expansion set `alltext-nott'.
Package microtype Info: Patching command `\showhyphens'.
Package microtype Info: No adjustment of tracking.
Package microtype Info: No adjustment of interword spacing.
Package microtype Info: No adjustment of character kerning.

(C:\Users\Administrator\AppData\Local\Programs\MiKTeX\tex/latex/microtype\mt-cm
r.cfg
File: mt-cmr.cfg 2013/05/19 v2.2 microtype config. file: Computer Modern Roman 
(RS)
)
(C:\Users\Administrator\AppData\Local\Programs\MiKTeX\tex/context/base/mkii\sup
p-pdf.mkii
[Loading MPS to PDF converter (version 2006.09.02).]
\scratchcounter=\count324
\scratchdimen=\dimen256
\scratchbox=\box59
\nofMPsegments=\count325
\nofMParguments=\count326
\everyMPshowfont=\toks33
\MPscratchCnt=\count327
\MPscratchDim=\dimen257
\MPnumerator=\count328
\makeMPintoPDFobject=\count329
\everyMPtoPDFconversion=\toks34
)
(C:\Users\Administrator\AppData\Local\Programs\MiKTeX\tex/latex/epstopdf-pkg\ep
stopdf-base.sty
Package: epstopdf-base 2020-01-24 v2.11 Base part for package epstopdf
Package epstopdf-base Info: Redefining graphics rule for `.eps' on input line 4
85.

(C:\Users\Administrator\AppData\Local\Programs\MiKTeX\tex/latex/00miktex\epstop
df-sys.cfg
File: epstopdf-sys.cfg 2021/03/18 v2.0 Configuration of epstopdf for MiKTeX
))
Package hyperref Info: Link coloring ON on input line 85.
 (journal_en.out) (journal_en.out)
\@outlinefile=\write3
\openout3 = `journal_en.out'.


*geometry* driver: auto-detecting
*geometry* detected driver: pdftex
*geometry* verbose mode - [ preamble ] result:
* driver: pdftex
* paper: a4paper
* layout: <same size as paper>
* layoutoffset:(h,v)=(0.0pt,0.0pt)
* modes: 
* h-part:(L,W,R)=(51.21504pt, 495.07779pt, 51.21504pt)
* v-part:(T,H,B)=(71.13188pt, 702.78308pt, 71.13188pt)
* \paperwidth=597.50787pt
* \paperheight=845.04684pt
* \textwidth=495.07779pt
* \textheight=702.78308pt
* \oddsidemargin=-21.05495pt
* \evensidemargin=-21.05495pt
* \topmargin=-38.1381pt
* \headheight=26.0pt
* \headsep=25.0pt
* \topskip=12.0pt
* \footskip=30.0pt
* \marginparwidth=4.0pt
* \marginparsep=10.0pt
* \columnsep=17.07182pt
* \skip\footins=10.8pt plus 4.0pt minus 2.0pt
* \hoffset=0.0pt
* \voffset=0.0pt
* \mag=1000
* \@twocolumntrue
* \@twosidefalse
* \@mparswitchfalse
* \@reversemarginfalse
* (1in=72.27pt=25.4mm, 1cm=28.453pt)

Package caption Info: Begin \AtBeginDocument code.
Package caption Info: float package is loaded.
Package caption Info: End \AtBeginDocument code.
(chapters/00frontmatter.tex
Package microtype Info: Character `029' is missing
(microtype)             in font `T1/lmr/m/sc/14.4'.
(microtype)             Ignoring protrusion settings for this character.
LaTeX Font Info:    Trying to load font information for OT1+lmr on input line 4
3.

(C:\Users\Administrator\AppData\Local\Programs\MiKTeX\tex/latex/lm\ot1lmr.fd
File: ot1lmr.fd 2015/05/01 v1.6.1 Font defs for Latin Modern
)
LaTeX Font Info:    Trying to load font information for OML+lmm on input line 4
3.

(C:\Users\Administrator\AppData\Local\Programs\MiKTeX\tex/latex/lm\omllmm.fd
File: omllmm.fd 2015/05/01 v1.6.1 Font defs for Latin Modern
)
LaTeX Font Info:    Trying to load font information for OMS+lmsy on input line 
43.

(C:\Users\Administrator\AppData\Local\Programs\MiKTeX\tex/latex/lm\omslmsy.fd
File: omslmsy.fd 2015/05/01 v1.6.1 Font defs for Latin Modern
)
LaTeX Font Info:    Trying to load font information for OMX+lmex on input line 
43.

(C:\Users\Administrator\AppData\Local\Programs\MiKTeX\tex/latex/lm\omxlmex.fd
File: omxlmex.fd 2015/05/01 v1.6.1 Font defs for Latin Modern
)
LaTeX Font Info:    External font `lmex10' loaded for size
(Font)              <14.4> on input line 43.
LaTeX Font Info:    External font `lmex10' loaded for size
(Font)              <10> on input line 43.
LaTeX Font Info:    External font `lmex10' loaded for size
(Font)              <7> on input line 43.
LaTeX Font Info:    Trying to load font information for U+msa on input line 43.


(C:\Users\Administrator\AppData\Local\Programs\MiKTeX\tex/latex/amsfonts\umsa.f
d
File: umsa.fd 2013/01/14 v3.01 AMS symbols A
)
(C:\Users\Administrator\AppData\Local\Programs\MiKTeX\tex/latex/microtype\mt-ms
a.cfg
File: mt-msa.cfg 2006/02/04 v1.1 microtype config. file: AMS symbols (a) (RS)
)
LaTeX Font Info:    Trying to load font information for U+msb on input line 43.


(C:\Users\Administrator\AppData\Local\Programs\MiKTeX\tex/latex/amsfonts\umsb.f
d
File: umsb.fd 2013/01/14 v3.01 AMS symbols B
)
(C:\Users\Administrator\AppData\Local\Programs\MiKTeX\tex/latex/microtype\mt-ms
b.cfg
File: mt-msb.cfg 2005/06/01 v1.0 microtype config. file: AMS symbols (b) (RS)
)
LaTeX Font Info:    External font `lmex10' loaded for size
(Font)              <10.95> on input line 43.
LaTeX Font Info:    External font `lmex10' loaded for size
(Font)              <8> on input line 43.
LaTeX Font Info:    External font `lmex10' loaded for size
(Font)              <6> on input line 43.
LaTeX Font Info:    Trying to load font information for T1+lmtt on input line 4
3.

(C:\Users\Administrator\AppData\Local\Programs\MiKTeX\tex/latex/lm\t1lmtt.fd
File: t1lmtt.fd 2015/05/01 v1.6.1 Font defs for Latin Modern
)
Package microtype Info: Loading generic protrusion settings for font family
(microtype)             `lmtt' (encoding: T1).
(microtype)             For optimal results, create family-specific settings.
(microtype)             See the microtype manual for details.
)
(chapters/00nomenclature.tex

LaTeX Warning: Hyper reference `acro:DBSCAN' on page 1 undefined on input line 
13.


LaTeX Warning: Hyper reference `acro:DBSCAN' on page 1 undefined on input line 
13.

) (chapters/01introduction.tex
Package acronym Info: Label `acro:V2G' newly defined as it shall be overridden
although it is yet undefined on input line 3.

Underfull \vbox (badness 10000) has occurred while \output is active []

 [1{C:/Users/Administrator/AppData/Local/MiKTeX/fonts/map/pdftex/pdftex.map}{C:
/Users/Administrator/AppData/Local/Programs/MiKTeX/fonts/enc/dvips/lm/lm-ec.enc
}


]
Package acronym Info: Label `acro:OSM' newly defined as it shall be overridden
although it is yet undefined on input line 7.
Package acronym Info: Label `acro:SUMO' newly defined as it shall be overridden

although it is yet undefined on input line 7.
Package acronym Info: Label `acro:TraCI' newly defined as it shall be overridde
n
although it is yet undefined on input line 7.
Package acronym Info: Label `acro:POI' newly defined as it shall be overridden
although it is yet undefined on input line 7.

Underfull \hbox (badness 1194) in paragraph at lines 7--8
[]\T1/lmr/m/n/12 (+20) To ad-dress this, we build a sim-u-la-tion
 []


Underfull \hbox (badness 1102) in paragraph at lines 7--8
\T1/lmr/m/n/12 (+20) sim-u-lated mi-cro-scop-i-cally in [][][][]Simulation of
 []

) (chapters/02motivation.tex) (chapters/03problemstatement.tex)
(chapters/04contributions.tex
LaTeX Font Info:    Trying to load font information for TS1+lmr on input line 7
.

(C:\Users\Administrator\AppData\Local\Programs\MiKTeX\tex/latex/lm\ts1lmr.fd
File: ts1lmr.fd 2015/05/01 v1.6.1 Font defs for Latin Modern
)
[2{C:/Users/Administrator/AppData/Local/Programs/MiKTeX/fonts/enc/dvips/lm/lm-t
s1.enc}]) (chapters/05relatedwork.tex
Package acronym Info: Label `acro:EV' newly defined as it shall be overridden
although it is yet undefined on input line 7.
Package acronym Info: Label `acro:MATSim' newly defined as it shall be overridd
en
although it is yet undefined on input line 9.
Package acronym Info: Label `acro:BEAM' newly defined as it shall be overridden

although it is yet undefined on input line 9.
<images/data_pipeline.png, id=185, 1376.89406pt x 701.62125pt>
File: images/data_pipeline.png Graphic file (type png)
<use images/data_pipeline.png>
Package pdftex.def Info: images/data_pipeline.png  used on input line 22.
(pdftex.def)             Requested size: 490.12973pt x 249.7571pt.

Underfull \hbox (badness 10000) in paragraph at lines 28--28
|[]\T1/lmr/bx/n/12 (+20) Coupled and Bidi-rec-tional Ap-
 []

) (chapters/06methodology.tex [3]
Package acronym Info: Label `acro:POI' overridden on input line 16.
Package acronym Info: Label `acro:SoC' newly defined as it shall be overridden
although it is yet undefined on input line 19.

Underfull \hbox (badness 10000) in paragraph at lines 22--23
[] []\T1/lmr/bx/n/12 (+20) Cou-pled traf-fic--grid sim-u-la-tion.[]
 []


Underfull \hbox (badness 10000) in paragraph at lines 22--23
\T1/lmr/m/n/12 (+20) SUMO reads \T1/lmtt/m/n/12 private_wallboxes.xml\T1/lmr/m/
n/12 (+20) ,
 []

[4 <./images/data_pipeline.png>]
Underfull \hbox (badness 4765) in paragraph at lines 26--27
\T1/lmr/m/n/12 (+20) files, in-clud-ing \T1/lmtt/m/n/12 station_statistics.json
\T1/lmr/m/n/12 (+20) ,
 []


Underfull \hbox (badness 10000) in paragraph at lines 26--27
\T1/lmtt/m/n/12 v2g_summary.json\T1/lmr/m/n/12 (+20) , \T1/lmtt/m/n/12 charts_d
ata.json\T1/lmr/m/n/12 (+20) ,
 []


Underfull \hbox (badness 10000) in paragraph at lines 26--27
\T1/lmtt/m/n/12 charging_sessions.csv \T1/lmr/m/n/12 (+20) and \T1/lmtt/m/n/12 
model_log\T1/lmr/m/n/12 (+20) -
 []


Underfull \hbox (badness 1769) in paragraph at lines 26--27
\T1/lmtt/m/n/12 _data.csv\T1/lmr/m/n/12 (+20) . These per-sisted out-puts are
 []


Underfull \hbox (badness 3907) in paragraph at lines 26--27
\T1/lmr/m/n/12 (+20) an-a-lyzed and vi-su-al-ized to eval-u-ate the
 []


Underfull \hbox (badness 1270) in paragraph at lines 26--27
\T1/lmr/m/n/12 (+20) peak grid power, and in-di-vid-ual charg-ing
 []

<images/generated_cs.png, id=221, 581.92406pt x 380.92313pt>
File: images/generated_cs.png Graphic file (type png)
<use images/generated_cs.png>
Package pdftex.def Info: images/generated_cs.png  used on input line 33.
(pdftex.def)             Requested size: 239.00298pt x 156.44685pt.
<images/showcase_ui_all_layers.png, id=222, 963.09285pt x 459.48505pt>
File: images/showcase_ui_all_layers.png Graphic file (type png)
<use images/showcase_ui_all_layers.png>
Package pdftex.def Info: images/showcase_ui_all_layers.png  used on input line 
40.
(pdftex.def)             Requested size: 495.07779pt x 236.19923pt.

Underfull \hbox (badness 1394) in paragraph at lines 47--48
[]\T1/lmr/bx/n/12 (+20) Saturate-and-Prune\T1/lmr/m/n/12 (+20) : A de-lib-er-at
ely
 []

[5

 <./images/generated_cs.png>]
Package acronym Info: Label `acro:AC' newly defined as it shall be overridden
although it is yet undefined on input line 58.
) (chapters/07experiments.tex
Underfull \vbox (badness 1845) has occurred while \output is active []


Underfull \vbox (badness 10000) has occurred while \output is active []

 [6 <./images/showcase_ui_all_layers.png>]
LaTeX Font Info:    External font `lmex10' loaded for size
(Font)              <12> on input line 12.
 [7{C:/Users/Administrator/AppData/Local/Programs/MiKTeX/fonts/enc/dvips/lm/lm-
mathsy.enc}{C:/Users/Administrator/AppData/Local/Programs/MiKTeX/fonts/enc/dvip
s/lm/lm-rm.enc}]
LaTeX Font Info:    External font `lmex10' loaded for size
(Font)              <5> on input line 45.

Overfull \hbox (7.38501pt too wide) in paragraph at lines 45--67
 [][] 
 []

[8]
<images/placement_curve.pdf, id=294, 642.82224pt x 237.67169pt>
File: images/placement_curve.pdf Graphic file (type pdf)
<use images/placement_curve.pdf>
Package pdftex.def Info: images/placement_curve.pdf  used on input line 115.
(pdftex.def)             Requested size: 495.07779pt x 183.04764pt.
 [9]
Underfull \vbox (badness 10000) has occurred while \output is active []

 [10{C:/Users/Administrator/AppData/Local/Programs/MiKTeX/fonts/enc/dvips/lm/lm
-mathit.enc} <./images/placement_curve.pdf>]) (chapters/08discussion.tex [11])
(chapters/09conclusion.tex
Underfull \hbox (badness 7238) in paragraph at lines 20--1
[] []\T1/lmr/bx/n/12 (+20) Mod-elling de-tail.[] \T1/lmr/m/n/12 (+20) Two im-pl
e-men-ta-tion
 []


Underfull \hbox (badness 3657) in paragraph at lines 3--4
\T1/lmr/m/n/12 (+20) This pa-per pre-sented the cre-ation of a
 []

[12]) (chapters/10acknowledgments.tex) (chapters/11bibliography.tex
Underfull \hbox (badness 2012) in paragraph at lines 8--12
\T1/lmr/m/n/12 (+20) [On-line]. Avail-able: [][]$\T1/lmtt/m/n/12 https : / / ww
w . iea .
 []


Underfull \hbox (badness 1509) in paragraph at lines 19--22
[]\T1/lmr/m/n/12 (+20) K. Clement-Nyns, E. Hae-sen, and J.
 []


Underfull \hbox (badness 3302) in paragraph at lines 32--35
[]\T1/lmr/m/n/12 (+20) ``A re-view on elec-tric ve-hi-cle charg-
 []


Underfull \hbox (badness 4832) in paragraph at lines 32--35
\T1/lmr/m/n/12 (+20) ing sta-tion plan-ning: In-fras-truc-ture
 []


Underfull \hbox (badness 2073) in paragraph at lines 32--35
\T1/lmr/m/n/12 (+20) place-ment, siz-ing, up-grades, and un-
 []


Underfull \hbox (badness 3250) in paragraph at lines 32--35
\T1/lmr/m/n/12 (+20) cer-tain-ties,'' \T1/lmr/m/it/12 (+20) Jour-nal of En-ergy
 Stor-
 []


Underfull \hbox (badness 10000) in paragraph at lines 32--35
\T1/lmtt/m/n/12 / / www . sciencedirect . com / science /
 []


Underfull \hbox (badness 3333) in paragraph at lines 43--47
[]\T1/lmr/m/n/12 (+20) T. Kur-czveil, P. Á. López, and E.
 []


Underfull \hbox (badness 10000) in paragraph at lines 43--47
\T1/lmr/m/n/12 (+20) Schnieder, ``Im-ple-men-ta-tion of an
 []


Underfull \hbox (badness 2512) in paragraph at lines 43--47
\T1/lmr/m/n/12 (+20) en-ergy model and a charg-ing in-fras-
 []


Underfull \hbox (badness 10000) in paragraph at lines 43--47
\T1/lmr/m/n/12 (+20) truc-ture in SUMO,'' in \T1/lmr/m/it/12 (+20) Sim-u-la-tio
n
 []


Underfull \hbox (badness 10000) in paragraph at lines 43--47
\T1/lmr/m/it/12 (+20) of Ur-ban Mo-bil-ity (SUMO)\T1/lmr/m/n/12 (+20) , [][]$\T
1/lmtt/m/n/12 https :
 []


Underfull \hbox (badness 10000) in paragraph at lines 43--47
\T1/lmtt/m/n/12 / / www . researchgate . net / publication /
 []


Underfull \hbox (badness 10000) in paragraph at lines 43--47
\T1/lmtt/m/n/12 276063158 _ Implementation _ of _
 []


Underfull \hbox (badness 10000) in paragraph at lines 43--47
\T1/lmtt/m/n/12 an _ Energy _ Model _ and _ a _ Charging _
 []


Underfull \hbox (badness 10000) in paragraph at lines 56--59
\T1/lmtt/m/n/12 / / www . sciencedirect . com / science /
 []


Underfull \hbox (badness 4608) in paragraph at lines 62--65
\T1/lmr/m/n/12 (+20) dis-tri-bu-tion sys-tems: A uni-fied co-
 []


Underfull \hbox (badness 1062) in paragraph at lines 62--65
\T1/lmr/m/n/12 (+20) simulation frame-work,'' \T1/lmr/m/it/12 (+20) arXiv prepr
int
 []

[13]
Underfull \hbox (badness 2486) in paragraph at lines 86--90
[]\T1/lmr/m/n/12 (+20) F. Ah-mad, A. Iqbal, I. Ashraf, M.
 []


Underfull \hbox (badness 10000) in paragraph at lines 86--90
\T1/lmtt/m/n/12 / / www . sciencedirect . com / science /
 []


Underfull \hbox (badness 10000) in paragraph at lines 93--96
[]\T1/lmr/m/n/12 (+20) ``Large-scale op-ti-miza-tion of elec-tric
 []


Underfull \hbox (badness 3271) in paragraph at lines 93--96
\T1/lmr/m/it/12 (+20) TIAL '24)\T1/lmr/m/n/12 (+20) , 2024. [On-line]. Avail-ab
le:
 []


Underfull \hbox (badness 10000) in paragraph at lines 93--96
[][]$\T1/lmtt/m/n/12 https : / / dl . acm . org / doi / 10 . 1145 /
 []


Underfull \hbox (badness 1067) in paragraph at lines 98--102
\T1/lmr/m/n/12 (+20) cle charg-ing sta-tion de-ploy-ment us-ing
 []


Underfull \hbox (badness 2547) in paragraph at lines 98--102
\T1/lmr/m/n/12 (+20) ge-netic al-go-rithms,'' \T1/lmr/m/it/12 (+20) Ap-plied Sc
i-ences\T1/lmr/m/n/12 (+20) ,
 []


Underfull \hbox (badness 1112) in paragraph at lines 98--102
\T1/lmr/m/n/12 (+20) vol. 13, no. 8, art. 4867, 2023. [On-
 []


Underfull \hbox (badness 5847) in paragraph at lines 104--108
[]\T1/lmr/m/n/12 (+20) NOW GmbH -- Na-tionale Leit-stelle
 []


Underfull \hbox (badness 5711) in paragraph at lines 104--108
\T1/lmr/m/n/12 (+20) Lade-in-fras-truk-tur, \T1/lmr/m/it/12 (+20) Ein-fach zu H
ause
 []


Underfull \hbox (badness 10000) in paragraph at lines 104--108
[][]$\T1/lmtt/m/n/12 https : / / nationale-[]leitstelle . de /
 []


Underfull \hbox (badness 10000) in paragraph at lines 104--108
\T1/lmtt/m/n/12 wp-[]content / uploads / 2024 / 10 / Studie _
 []

) [14

] (journal_en.aux)
 ***********
LaTeX2e <2025-11-01>
L3 programming layer <2025-12-24>
 ***********


LaTeX Warning: There were undefined references.


LaTeX Warning: There were multiply-defined labels.

Package rerunfilecheck Info: File `journal_en.out' has not changed.
(rerunfilecheck)             Checksum: B1F7FD56D59B075BD26D8F72E459D34F;3539.
 ) 
Here is how much of TeX's memory you used:
 19180 strings out of 467871
 325962 string characters out of 5414504
 795954 words of memory out of 5000000
 47464 multiletter control sequences out of 15000+600000
 720648 words of font info for 205 fonts, out of 8000000 for 9000
 1141 hyphenation exceptions out of 8191
 75i,12n,79p,1554b,671s stack positions out of 10000i,1000n,20000p,200000b,200000s
<C:/Users/Administrator/AppData/Local/Programs/MiKTeX/fonts/type1/public/lm/l
mbx12.pfb><C:/Users/Administrator/AppData/Local/Programs/MiKTeX/fonts/type1/pub
lic/lm/lmbx8.pfb><C:/Users/Administrator/AppData/Local/Programs/MiKTeX/fonts/ty
pe1/public/lm/lmcsc10.pfb><C:/Users/Administrator/AppData/Local/Programs/MiKTeX
/fonts/type1/public/lm/lmmi8.pfb><C:/Users/Administrator/AppData/Local/Programs
/MiKTeX/fonts/type1/public/lm/lmr10.pfb><C:/Users/Administrator/AppData/Local/P
rograms/MiKTeX/fonts/type1/public/lm/lmr12.pfb><C:/Users/Administrator/AppData/
Local/Programs/MiKTeX/fonts/type1/public/lm/lmr6.pfb><C:/Users/Administrator/Ap
pData/Local/Programs/MiKTeX/fonts/type1/public/lm/lmr8.pfb><C:/Users/Administra
tor/AppData/Local/Programs/MiKTeX/fonts/type1/public/lm/lmri10.pfb><C:/Users/Ad
ministrator/AppData/Local/Programs/MiKTeX/fonts/type1/public/lm/lmri12.pfb><C:/
Users/Administrator/AppData/Local/Programs/MiKTeX/fonts/type1/public/lm/lmsy10.
pfb><C:/Users/Administrator/AppData/Local/Programs/MiKTeX/fonts/type1/public/lm
/lmsy6.pfb><C:/Users/Administrator/AppData/Local/Programs/MiKTeX/fonts/type1/pu
blic/lm/lmtt10.pfb><C:/Users/Administrator/AppData/Local/Programs/MiKTeX/fonts/
type1/public/lm/lmtt12.pfb>
Output written on journal_en.pdf (14 pages, 2804328 bytes).
PDF statistics:
 528 PDF objects out of 1000 (max. 8388607)
 85 named destinations out of 1000 (max. 500000)
 50389 words of extra memory for PDF output out of 51595 (max. 10000000)

